Archive member included to satisfy reference by file (symbol)

d:/programs/intelfpga_lite/18.1/nios2eds/bin/gnu/h-x86_64-mingw32/bin/../lib/gcc/nios2-elf/5.3.0/mno-hw-mul\libgcc.a(lib2-divmod.o)
                              obj/default/main.o (__divsi3)
d:/programs/intelfpga_lite/18.1/nios2eds/bin/gnu/h-x86_64-mingw32/bin/../lib/gcc/nios2-elf/5.3.0/mno-hw-mul\libgcc.a(lib2-mul.o)
                              obj/default/main.o (__mulsi3)
../testWifiTouchVGA_bsp/\libhal_bsp.a(alt_load.o)
                              ../testWifiTouchVGA_bsp//obj/HAL/src/crt0.o (alt_load)
../testWifiTouchVGA_bsp/\libhal_bsp.a(alt_main.o)
                              ../testWifiTouchVGA_bsp//obj/HAL/src/crt0.o (alt_main)
../testWifiTouchVGA_bsp/\libhal_bsp.a(alt_putstr.o)
                              obj/default/main.o (alt_putstr)
../testWifiTouchVGA_bsp/\libhal_bsp.a(alt_sys_init.o)
                              ../testWifiTouchVGA_bsp/\libhal_bsp.a(alt_main.o) (alt_irq_init)
../testWifiTouchVGA_bsp/\libhal_bsp.a(altera_avalon_jtag_uart_fd.o)
                              ../testWifiTouchVGA_bsp/\libhal_bsp.a(alt_sys_init.o) (altera_avalon_jtag_uart_read_fd)
../testWifiTouchVGA_bsp/\libhal_bsp.a(altera_avalon_jtag_uart_init.o)
                              ../testWifiTouchVGA_bsp/\libhal_bsp.a(alt_sys_init.o) (altera_avalon_jtag_uart_init)
../testWifiTouchVGA_bsp/\libhal_bsp.a(altera_avalon_jtag_uart_ioctl.o)
                              ../testWifiTouchVGA_bsp/\libhal_bsp.a(altera_avalon_jtag_uart_fd.o) (altera_avalon_jtag_uart_ioctl)
../testWifiTouchVGA_bsp/\libhal_bsp.a(altera_avalon_jtag_uart_read.o)
                              ../testWifiTouchVGA_bsp/\libhal_bsp.a(altera_avalon_jtag_uart_fd.o) (altera_avalon_jtag_uart_read)
../testWifiTouchVGA_bsp/\libhal_bsp.a(altera_avalon_jtag_uart_write.o)
                              ../testWifiTouchVGA_bsp/\libhal_bsp.a(altera_avalon_jtag_uart_fd.o) (altera_avalon_jtag_uart_write)
../testWifiTouchVGA_bsp/\libhal_bsp.a(altera_up_avalon_rs232.o)
                              ../testWifiTouchVGA_bsp/\libhal_bsp.a(alt_sys_init.o) (alt_up_rs232_read_fd)
../testWifiTouchVGA_bsp/\libhal_bsp.a(alt_alarm_start.o)
                              ../testWifiTouchVGA_bsp/\libhal_bsp.a(altera_avalon_jtag_uart_init.o) (alt_alarm_start)
../testWifiTouchVGA_bsp/\libhal_bsp.a(alt_close.o)
                              ../testWifiTouchVGA_bsp/\libhal_bsp.a(alt_main.o) (close)
../testWifiTouchVGA_bsp/\libhal_bsp.a(alt_dcache_flush_all.o)
                              ../testWifiTouchVGA_bsp/\libhal_bsp.a(alt_load.o) (alt_dcache_flush_all)
../testWifiTouchVGA_bsp/\libhal_bsp.a(alt_dev.o)
                              ../testWifiTouchVGA_bsp/\libhal_bsp.a(alt_sys_init.o) (alt_dev_list)
../testWifiTouchVGA_bsp/\libhal_bsp.a(alt_dev_llist_insert.o)
                              ../testWifiTouchVGA_bsp/\libhal_bsp.a(alt_sys_init.o) (alt_dev_llist_insert)
../testWifiTouchVGA_bsp/\libhal_bsp.a(alt_do_ctors.o)
                              ../testWifiTouchVGA_bsp/\libhal_bsp.a(alt_main.o) (_do_ctors)
../testWifiTouchVGA_bsp/\libhal_bsp.a(alt_do_dtors.o)
                              ../testWifiTouchVGA_bsp/\libhal_bsp.a(alt_main.o) (_do_dtors)
../testWifiTouchVGA_bsp/\libhal_bsp.a(alt_errno.o)
                              ../testWifiTouchVGA_bsp/\libhal_bsp.a(alt_close.o) (alt_errno)
../testWifiTouchVGA_bsp/\libhal_bsp.a(alt_find_dev.o)
                              ../testWifiTouchVGA_bsp/\libhal_bsp.a(altera_up_avalon_rs232.o) (alt_find_dev)
../testWifiTouchVGA_bsp/\libhal_bsp.a(alt_icache_flush_all.o)
                              ../testWifiTouchVGA_bsp/\libhal_bsp.a(alt_load.o) (alt_icache_flush_all)
../testWifiTouchVGA_bsp/\libhal_bsp.a(alt_io_redirect.o)
                              ../testWifiTouchVGA_bsp/\libhal_bsp.a(alt_main.o) (alt_io_redirect)
../testWifiTouchVGA_bsp/\libhal_bsp.a(alt_irq_register.o)
                              ../testWifiTouchVGA_bsp/\libhal_bsp.a(altera_avalon_jtag_uart_init.o) (alt_irq_register)
../testWifiTouchVGA_bsp/\libhal_bsp.a(alt_irq_vars.o)
                              ../testWifiTouchVGA_bsp/\libhal_bsp.a(alt_irq_register.o) (alt_irq_active)
../testWifiTouchVGA_bsp/\libhal_bsp.a(alt_open.o)
                              ../testWifiTouchVGA_bsp/\libhal_bsp.a(alt_io_redirect.o) (open)
../testWifiTouchVGA_bsp/\libhal_bsp.a(alt_release_fd.o)
                              ../testWifiTouchVGA_bsp/\libhal_bsp.a(alt_close.o) (alt_release_fd)
../testWifiTouchVGA_bsp/\libhal_bsp.a(alt_tick.o)
                              ../testWifiTouchVGA_bsp/\libhal_bsp.a(altera_avalon_jtag_uart_init.o) (_alt_tick_rate)
../testWifiTouchVGA_bsp/\libhal_bsp.a(altera_nios2_gen2_irq.o)
                              ../testWifiTouchVGA_bsp/\libhal_bsp.a(alt_sys_init.o) (altera_nios2_gen2_irq_init)
../testWifiTouchVGA_bsp/\libhal_bsp.a(alt_find_file.o)
[...]
Memory Configuration

Name             Origin             Length             Attributes
reset            0x0000000000040000 0x0000000000000020
onchip_memory2_0 0x0000000000040020 0x000000000003ffe0
sdram_controller 0x0000000008000000 0x0000000004000000
*default*        0x0000000000000000 0xffffffffffffffff

Linker script and memory map

LOAD ../testWifiTouchVGA_bsp//obj/HAL/src/crt0.o
LOAD obj/default/main.o
LOAD d:/programs/intelfpga_lite/18.1/nios2eds/bin/gnu/h-x86_64-mingw32/bin/../lib/gcc/nios2-elf/5.3.0/../../../../../H-x86_64-mingw32/nios2-elf/lib/mno-hw-mul\libstdc++.a
LOAD d:/programs/intelfpga_lite/18.1/nios2eds/bin/gnu/h-x86_64-mingw32/bin/../lib/gcc/nios2-elf/5.3.0/../../../../../H-x86_64-mingw32/nios2-elf/lib/mno-hw-mul\libm.a
LOAD d:/programs/intelfpga_lite/18.1/nios2eds/bin/gnu/h-x86_64-mingw32/bin/../lib/gcc/nios2-elf/5.3.0/mno-hw-mul\libgcc.a
START GROUP
LOAD d:/programs/intelfpga_lite/18.1/nios2eds/bin/gnu/h-x86_64-mingw32/bin/../lib/gcc/nios2-elf/5.3.0/../../../../../H-x86_64-mingw32/nios2-elf/lib/mno-hw-mul\libc.a
LOAD d:/programs/intelfpga_lite/18.1/nios2eds/bin/gnu/h-x86_64-mingw32/bin/../lib/gcc/nios2-elf/5.3.0/mno-hw-mul\libgcc.a
LOAD ../testWifiTouchVGA_bsp/\libhal_bsp.a
LOAD d:/programs/intelfpga_lite/18.1/nios2eds/bin/gnu/h-x86_64-mingw32/bin/../lib/gcc/nios2-elf/5.3.0/../../../../../H-x86_64-mingw32/nios2-elf/lib/mno-hw-mul\libm.a
END GROUP
LOAD d:/programs/intelfpga_lite/18.1/nios2eds/bin/gnu/h-x86_64-mingw32/bin/../lib/gcc/nios2-elf/5.3.0/mno-hw-mul\libgcc.a
                0x0000000000040000                __alt_mem_onchip_memory2_0 = 0x40000
                0x0000000008000000                __alt_mem_sdram_controller = 0x8000000

.entry          0x0000000000040000       0x20
 *(.entry)
 .entry         0x0000000000040000       0x20 ../testWifiTouchVGA_bsp//obj/HAL/src/crt0.o
                0x0000000000040000                __reset

.exceptions     0x0000000000040020      0x214
                0x0000000000040020                PROVIDE (__ram_exceptions_start, ABSOLUTE (.))
                0x0000000000040020                . = ALIGN (0x20)
 *(.irq)
 *(.exceptions.entry.label)
 .exceptions.entry.label
                0x0000000000040020        0x0 ../testWifiTouchVGA_bsp/\libhal_bsp.a(alt_irq_entry.o)
                0x0000000000040020                alt_irq_entry
 .exceptions.entry.label
                0x0000000000040020        0x0 ../testWifiTouchVGA_bsp/\libhal_bsp.a(alt_exception_entry.o)
                0x0000000000040020                alt_exception
 *(.exceptions.entry.user)
 *(.exceptions.entry.ecc_fatal)
 *(.exceptions.entry)
 .exceptions.entry
                0x0000000000040020       0x54 ../testWifiTouchVGA_bsp/\libhal_bsp.a(alt_exception_entry.o)
 *(.exceptions.irqtest.user)
 *(.exceptions.irqtest)
 .exceptions.irqtest
                0x0000000000040074       0x10 ../testWifiTouchVGA_bsp/\libhal_bsp.a(alt_irq_entry.o)
 *(.exceptions.irqhandler.user)
 *(.exceptions.irqhandler)
 .exceptions.irqhandler
                0x0000000000040084        0x4 ../testWifiTouchVGA_bsp/\libhal_bsp.a(alt_irq_entry.o)
 *(.exceptions.irqreturn.user)
 *(.exceptions.irqreturn)
 .exceptions.irqreturn
                0x0000000000040088        0x4 ../testWifiTouchVGA_bsp/\libhal_bsp.a(alt_irq_entry.o)
 *(.exceptions.notirq.label)
 .exceptions.notirq.label
                0x000000000004008c        0x0 ../testWifiTouchVGA_bsp/\libhal_bsp.a(alt_irq_entry.o)
 *(.exceptions.notirq.user)
 *(.exceptions.notirq)
 .exceptions.notirq
                0x000000000004008c        0x8 ../testWifiTouchVGA_bsp/\libhal_bsp.a(alt_exception_entry.o)
 *(.exceptions.soft.user)
 *(.exceptions.soft)
 *(.exceptions.unknown.user)
 *(.exceptions.unknown)
 .exceptions.unknown
                0x0000000000040094       0x14 ../testWifiTouchVGA_bsp/\libhal_bsp.a(alt_exception_entry.o)
 *(.exceptions.exit.label)
 .exceptions.exit.label
                0x00000000000400a8        0x0 ../testWifiTouchVGA_bsp/\libhal_bsp.a(alt_irq_entry.o)
 .exceptions.exit.label
                0x00000000000400a8        0x0 ../testWifiTouchVGA_bsp/\libhal_bsp.a(alt_exception_entry.o)
 *(.exceptions.exit.user)
 *(.exceptions.exit)
 .exceptions.exit
                0x00000000000400a8       0x54 ../testWifiTouchVGA_bsp/\libhal_bsp.a(alt_exception_entry.o)
 *(.exceptions)
 .exceptions    0x00000000000400fc       0xd8 ../testWifiTouchVGA_bsp/\libhal_bsp.a(alt_irq_handler.o)
                0x00000000000400fc                alt_irq_handler
 .exceptions    0x00000000000401d4       0x60 ../testWifiTouchVGA_bsp/\libhal_bsp.a(alt_instruction_exception_entry.o)
                0x00000000000401d4                alt_instruction_exception_entry
                0x0000000000040234                PROVIDE (__ram_exceptions_end, ABSOLUTE (.))
                0x0000000000040020                PROVIDE (__flash_exceptions_start, LOADADDR (.exceptions))

.text           0x0000000000040234     0x5db0
                [!provide]                        PROVIDE (stext, ABSOLUTE (.))
 *(.interp)
 *(.hash)
 *(.dynsym)
 *(.dynstr)
 *(.gnu.version)
 *(.gnu.version_d)
 *(.gnu.version_r)
 *(.rel.init)
 *(.rela.init)
 *(.rel.text .rel.text.* .rel.gnu.linkonce.t.*)
 *(.rela.text .rela.text.* .rela.gnu.linkonce.t.*)
 *(.rel.fini)
 *(.rela.fini)
 *(.rel.rodata .rel.rodata.* .rel.gnu.linkonce.r.*)
 *(.rela.rodata .rela.rodata.* .rela.gnu.linkonce.r.*)
 *(.rel.data .rel.data.* .rel.gnu.linkonce.d.*)
 *(.rela.data .rela.data.* .rela.gnu.linkonce.d.*)
 *(.rel.tdata .rel.tdata.* .rel.gnu.linkonce.td.*)
 *(.rela.tdata .rela.tdata.* .rela.gnu.linkonce.td.*)
 *(.rel.tbss .rel.tbss.* .rel.gnu.linkonce.tb.*)
 *(.rela.tbss .rela.tbss.* .rela.gnu.linkonce.tb.*)
 *(.rel.ctors)
 *(.rela.ctors)
 *(.rel.dtors)
 *(.rela.dtors)
 *(.rel.got)
 *(.rela.got)
 *(.rel.sdata .rel.sdata.* .rel.gnu.linkonce.s.*)
 *(.rela.sdata .rela.sdata.* .rela.gnu.linkonce.s.*)
 *(.rel.sbss .rel.sbss.* .rel.gnu.linkonce.sb.*)
 *(.rela.sbss .rela.sbss.* .rela.gnu.linkonce.sb.*)
 *(.rel.sdata2 .rel.sdata2.* .rel.gnu.linkonce.s2.*)
 *(.rela.sdata2 .rela.sdata2.* .rela.gnu.linkonce.s2.*)
 *(.rel.sbss2 .rel.sbss2.* .rel.gnu.linkonce.sb2.*)
 *(.rela.sbss2 .rela.sbss2.* .rela.gnu.linkonce.sb2.*)
 *(.rel.bss .rel.bss.* .rel.gnu.linkonce.b.*)
 *(.rela.bss .rela.bss.* .rela.gnu.linkonce.b.*)
 *(.rel.plt)
 *(.rela.plt)
 *(.rel.dyn)
 *(.init)
 *(.plt)
 *(.text .stub .text.* .gnu.linkonce.t.*)
 .text          0x0000000000040234       0x3c ../testWifiTouchVGA_bsp//obj/HAL/src/crt0.o
                0x0000000000040234                _start
 .text          0x0000000000040270      0x37c obj/default/main.o
                0x0000000000040270                main
                0x000000000004033c                getUart
                0x0000000000040384                getTouchscreenCoords
                0x0000000000040440                checkEmpty
                0x000000000004046c                translateTouchscreenVGACoords
                0x0000000000040504                clearVGA
                0x0000000000040570                paintPixel
 .text          0x00000000000405ec      0x1b4 d:/programs/intelfpga_lite/18.1/nios2eds/bin/gnu/h-x86_64-mingw32/bin/../lib/gcc/nios2-elf/5.3.0/mno-hw-mul\libgcc.a(lib2-divmod.o)
                0x00000000000405ec                __divsi3
                0x0000000000040670                __modsi3
                0x00000000000406e4                __udivsi3
                0x0000000000040748                __umodsi3
 .text          0x00000000000407a0       0x28 d:/programs/intelfpga_lite/18.1/nios2eds/bin/gnu/h-x86_64-mingw32/bin/../lib/gcc/nios2-elf/5.3.0/mno-hw-mul\libgcc.a(lib2-mul.o)
                0x00000000000407a0                __mulsi3
 .text          0x00000000000407c8       0xec ../testWifiTouchVGA_bsp/\libhal_bsp.a(alt_load.o)
                0x0000000000040830                alt_load
 .text          0x00000000000408b4       0x7c ../testWifiTouchVGA_bsp/\libhal_bsp.a(alt_main.o)
                0x00000000000408b4                alt_main
 .text          0x0000000000040930       0x3c ../testWifiTouchVGA_bsp/\libhal_bsp.a(alt_putstr.o)
                0x0000000000040930                alt_putstr
 .text          0x000000000004096c      0x388 ../testWifiTouchVGA_bsp/\libhal_bsp.a(alt_sys_init.o)
                0x00000000000409a0                alt_irq_init
                0x00000000000409d8                alt_sys_init
 .text          0x0000000000040cf4      0x164 ../testWifiTouchVGA_bsp/\libhal_bsp.a(altera_avalon_jtag_uart_fd.o)
                0x0000000000040cf4                altera_avalon_jtag_uart_read_fd
                0x0000000000040d54                altera_avalon_jtag_uart_write_fd
                0x0000000000040db4                altera_avalon_jtag_uart_close_fd
                0x0000000000040e04                altera_avalon_jtag_uart_ioctl_fd
 .text          0x0000000000040e58      0x3cc ../testWifiTouchVGA_bsp/\libhal_bsp.a(altera_avalon_jtag_uart_init.o)
                0x0000000000040e58                altera_avalon_jtag_uart_init
                0x00000000000411bc                altera_avalon_jtag_uart_close
 .text          0x0000000000041224       0xf0 ../testWifiTouchVGA_bsp/\libhal_bsp.a(altera_avalon_jtag_uart_ioctl.o)
                0x0000000000041224                altera_avalon_jtag_uart_ioctl
 .text          0x0000000000041314      0x21c ../testWifiTouchVGA_bsp/\libhal_bsp.a(altera_avalon_jtag_uart_read.o)
                0x0000000000041314                altera_avalon_jtag_uart_read
 .text          0x0000000000041530      0x224 ../testWifiTouchVGA_bsp/\libhal_bsp.a(altera_avalon_jtag_uart_write.o)
                0x0000000000041530                altera_avalon_jtag_uart_write
 .text          0x0000000000041754      0x390 ../testWifiTouchVGA_bsp/\libhal_bsp.a(altera_up_avalon_rs232.o)
                0x0000000000041754                alt_up_rs232_enable_read_interrupt
                0x00000000000417b0                alt_up_rs232_disable_read_interrupt
                0x0000000000041810                alt_up_rs232_get_used_space_in_read_FIFO
                0x0000000000041850                alt_up_rs232_get_available_space_in_write_FIFO
                0x000000000004188c                alt_up_rs232_check_parity
                0x00000000000418d0                alt_up_rs232_write_data
                0x0000000000041910                alt_up_rs232_read_data
                0x0000000000041984                alt_up_rs232_read_fd
                0x0000000000041a14                alt_up_rs232_write_fd
                0x0000000000041aa8                alt_up_rs232_open_dev
 .text          0x0000000000041ae4      0x12c ../testWifiTouchVGA_bsp/\libhal_bsp.a(alt_alarm_start.o)
                0x0000000000041ae4                alt_alarm_start
 .text          0x0000000000041c10      0x114 ../testWifiTouchVGA_bsp/\libhal_bsp.a(alt_close.o)
                0x0000000000041c4c                close
 .text          0x0000000000041d24       0x20 ../testWifiTouchVGA_bsp/\libhal_bsp.a(alt_dcache_flush_all.o)
                0x0000000000041d24                alt_dcache_flush_all
 .text          0x0000000000041d44       0x2c ../testWifiTouchVGA_bsp/\libhal_bsp.a(alt_dev.o)
 .text          0x0000000000041d70       0xe0 ../testWifiTouchVGA_bsp/\libhal_bsp.a(alt_dev_llist_insert.o)
                0x0000000000041dac                alt_dev_llist_insert
 .text          0x0000000000041e50       0x60 ../testWifiTouchVGA_bsp/\libhal_bsp.a(alt_do_ctors.o)
                0x0000000000041e50                _do_ctors
 .text          0x0000000000041eb0       0x60 ../testWifiTouchVGA_bsp/\libhal_bsp.a(alt_do_dtors.o)
                0x0000000000041eb0                _do_dtors
 .text          0x0000000000041f10        0x0 ../testWifiTouchVGA_bsp/\libhal_bsp.a(alt_errno.o)
 .text          0x0000000000041f10       0x90 ../testWifiTouchVGA_bsp/\libhal_bsp.a(alt_find_dev.o)
                0x0000000000041f10                alt_find_dev
 .text          0x0000000000041fa0       0x20 ../testWifiTouchVGA_bsp/\libhal_bsp.a(alt_icache_flush_all.o)
                0x0000000000041fa0                alt_icache_flush_all
 .text          0x0000000000041fc0      0x160 ../testWifiTouchVGA_bsp/\libhal_bsp.a(alt_io_redirect.o)
                0x00000000000420a4                alt_io_redirect
 .text          0x0000000000042120      0x180 ../testWifiTouchVGA_bsp/\libhal_bsp.a(alt_irq_register.o)
                0x0000000000042120                alt_irq_register
 .text          0x00000000000422a0        0x0 ../testWifiTouchVGA_bsp/\libhal_bsp.a(alt_irq_vars.o)
 .text          0x00000000000422a0      0x284 ../testWifiTouchVGA_bsp/\libhal_bsp.a(alt_open.o)
                0x00000000000423c8                open
 .text          0x0000000000042524       0x84 ../testWifiTouchVGA_bsp/\libhal_bsp.a(alt_release_fd.o)
                0x0000000000042524                alt_release_fd
 .text          0x00000000000425a8      0x1a4 ../testWifiTouchVGA_bsp/\libhal_bsp.a(alt_tick.o)
                0x00000000000425a8                alt_alarm_stop
                0x0000000000042644                alt_tick
 .text          0x000000000004274c       0x24 ../testWifiTouchVGA_bsp/\libhal_bsp.a(altera_nios2_gen2_irq.o)
                0x000000000004274c                altera_nios2_gen2_irq_init
 .text          0x0000000000042770      0x108 ../testWifiTouchVGA_bsp/\libhal_bsp.a(alt_find_file.o)
                0x0000000000042770                alt_find_file
 .text          0x0000000000042878       0xc4 ../testWifiTouchVGA_bsp/\libhal_bsp.a(alt_get_fd.o)
                0x0000000000042878                alt_get_fd
 .text          0x000000000004293c        0x0 ../testWifiTouchVGA_bsp/\libhal_bsp.a(alt_irq_entry.o)
 .text          0x000000000004293c        0x0 ../testWifiTouchVGA_bsp/\libhal_bsp.a(alt_irq_handler.o)
 .text          0x000000000004293c        0x0 ../testWifiTouchVGA_bsp/\libhal_bsp.a(alt_exception_entry.o)
 .text          0x000000000004293c       0x9c ../testWifiTouchVGA_bsp/\libhal_bsp.a(alt_instruction_exception_entry.o)
                0x000000000004293c                alt_exception_cause_generated_bad_addr
 .text          0x00000000000429d8        0x0 d:/programs/intelfpga_lite/18.1/nios2eds/bin/gnu/h-x86_64-mingw32/bin/../lib/gcc/nios2-elf/5.3.0/../../../../../H-x86_64-mingw32/nios2-elf/lib/mno-hw-mul\libc.a(lib_a-atexit.o)
 .text.atexit   0x00000000000429d8       0x14 d:/programs/intelfpga_lite/18.1/nios2eds/bin/gnu/h-x86_64-mingw32/bin/../lib/gcc/nios2-elf/5.3.0/../../../../../H-x86_64-mingw32/nios2-elf/lib/mno-hw-mul\libc.a(lib_a-atexit.o)
                0x00000000000429d8                atexit
 .text          0x00000000000429ec        0x0 d:/programs/intelfpga_lite/18.1/nios2eds/bin/gnu/h-x86_64-mingw32/bin/../lib/gcc/nios2-elf/5.3.0/../../../../../H-x86_64-mingw32/nios2-elf/lib/mno-hw-mul\libc.a(lib_a-exit.o)
 .text.exit     0x00000000000429ec       0x38 d:/programs/intelfpga_lite/18.1/nios2eds/bin/gnu/h-x86_64-mingw32/bin/../lib/gcc/nios2-elf/5.3.0/../../../../../H-x86_64-mingw32/nios2-elf/lib/mno-hw-mul\libc.a(lib_a-exit.o)
                0x00000000000429ec                exit
 .text          0x0000000000042a24        0x0 d:/programs/intelfpga_lite/18.1/nios2eds/bin/gnu/h-x86_64-mingw32/bin/../lib/gcc/nios2-elf/5.3.0/../../../../../H-x86_64-mingw32/nios2-elf/lib/mno-hw-mul\libc.a(lib_a-fputs.o)
 .text._fputs_r
                0x0000000000042a24       0x9c d:/programs/intelfpga_lite/18.1/nios2eds/bin/gnu/h-x86_64-mingw32/bin/../lib/gcc/nios2-elf/5.3.0/../../../../../H-x86_64-mingw32/nios2-elf/lib/mno-hw-mul\libc.a(lib_a-fputs.o)
                0x0000000000042a24                _fputs_r
 .text.fputs    0x0000000000042ac0       0x18 d:/programs/intelfpga_lite/18.1/nios2eds/bin/gnu/h-x86_64-mingw32/bin/../lib/gcc/nios2-elf/5.3.0/../../../../../H-x86_64-mingw32/nios2-elf/lib/mno-hw-mul\libc.a(lib_a-fputs.o)
                0x0000000000042ac0                fputs
 .text          0x0000000000042ad8        0x0 d:/programs/intelfpga_lite/18.1/nios2eds/bin/gnu/h-x86_64-mingw32/bin/../lib/gcc/nios2-elf/5.3.0/../../../../../H-x86_64-mingw32/nios2-elf/lib/mno-hw-mul\libc.a(lib_a-fvwrite.o)
 .text.__sfvwrite_r
                0x0000000000042ad8      0x4c8 d:/programs/intelfpga_lite/18.1/nios2eds/bin/gnu/h-x86_64-mingw32/bin/../lib/gcc/nios2-elf/5.3.0/../../../../../H-x86_64-mingw32/nios2-elf/lib/mno-hw-mul\libc.a(lib_a-fvwrite.o)
                0x0000000000042ad8                __sfvwrite_r
 .text          0x0000000000042fa0        0x0 d:/programs/intelfpga_lite/18.1/nios2eds/bin/gnu/h-x86_64-mingw32/bin/../lib/gcc/nios2-elf/5.3.0/../../../../../H-x86_64-mingw32/nios2-elf/lib/mno-hw-mul\libc.a(lib_a-impure.o)
 .text          0x0000000000042fa0        0x0 d:/programs/intelfpga_lite/18.1/nios2eds/bin/gnu/h-x86_64-mingw32/bin/../lib/gcc/nios2-elf/5.3.0/../../../../../H-x86_64-mingw32/nios2-elf/lib/mno-hw-mul\libc.a(lib_a-int_errno.o)
 .text          0x0000000000042fa0        0x0 d:/programs/intelfpga_lite/18.1/nios2eds/bin/gnu/h-x86_64-mingw32/bin/../lib/gcc/nios2-elf/5.3.0/../../../../../H-x86_64-mingw32/nios2-elf/lib/mno-hw-mul\libc.a(lib_a-mallocr.o)
 .text._malloc_r
                0x0000000000042fa0      0x80c d:/programs/intelfpga_lite/18.1/nios2eds/bin/gnu/h-x86_64-mingw32/bin/../lib/gcc/nios2-elf/5.3.0/../../../../../H-x86_64-mingw32/nios2-elf/lib/mno-hw-mul\libc.a(lib_a-mallocr.o)
                0x0000000000042fa0                _malloc_r
 .text          0x00000000000437ac        0x0 d:/programs/intelfpga_lite/18.1/nios2eds/bin/gnu/h-x86_64-mingw32/bin/../lib/gcc/nios2-elf/5.3.0/../../../../../H-x86_64-mingw32/nios2-elf/lib/mno-hw-mul\libc.a(lib_a-memchr.o)
 .text.memchr   0x00000000000437ac       0xe4 d:/programs/intelfpga_lite/18.1/nios2eds/bin/gnu/h-x86_64-mingw32/bin/../lib/gcc/nios2-elf/5.3.0/../../../../../H-x86_64-mingw32/nios2-elf/lib/mno-hw-mul\libc.a(lib_a-memchr.o)
                0x00000000000437ac                memchr
 .text          0x0000000000043890        0x0 d:/programs/intelfpga_lite/18.1/nios2eds/bin/gnu/h-x86_64-mingw32/bin/../lib/gcc/nios2-elf/5.3.0/../../../../../H-x86_64-mingw32/nios2-elf/lib/mno-hw-mul\libc.a(lib_a-memcmp.o)
 .text.memcmp   0x0000000000043890       0x7c d:/programs/intelfpga_lite/18.1/nios2eds/bin/gnu/h-x86_64-mingw32/bin/../lib/gcc/nios2-elf/5.3.0/../../../../../H-x86_64-mingw32/nios2-elf/lib/mno-hw-mul\libc.a(lib_a-memcmp.o)
                0x0000000000043890                memcmp
 .text          0x000000000004390c        0x0 d:/programs/intelfpga_lite/18.1/nios2eds/bin/gnu/h-x86_64-mingw32/bin/../lib/gcc/nios2-elf/5.3.0/../../../../../H-x86_64-mingw32/nios2-elf/lib/mno-hw-mul\libc.a(lib_a-memcpy.o)
 .text.memcpy   0x000000000004390c      0x148 d:/programs/intelfpga_lite/18.1/nios2eds/bin/gnu/h-x86_64-mingw32/bin/../lib/gcc/nios2-elf/5.3.0/../../../../../H-x86_64-mingw32/nios2-elf/lib/mno-hw-mul\libc.a(lib_a-memcpy.o)
                0x000000000004390c                memcpy
 .text          0x0000000000043a54        0x0 d:/programs/intelfpga_lite/18.1/nios2eds/bin/gnu/h-x86_64-mingw32/bin/../lib/gcc/nios2-elf/5.3.0/../../../../../H-x86_64-mingw32/nios2-elf/lib/mno-hw-mul\libc.a(lib_a-memmove.o)
 .text.memmove  0x0000000000043a54      0x15c d:/programs/intelfpga_lite/18.1/nios2eds/bin/gnu/h-x86_64-mingw32/bin/../lib/gcc/nios2-elf/5.3.0/../../../../../H-x86_64-mingw32/nios2-elf/lib/mno-hw-mul\libc.a(lib_a-memmove.o)
                0x0000000000043a54                memmove
 .text          0x0000000000043bb0        0x0 d:/programs/intelfpga_lite/18.1/nios2eds/bin/gnu/h-x86_64-mingw32/bin/../lib/gcc/nios2-elf/5.3.0/../../../../../H-x86_64-mingw32/nios2-elf/lib/mno-hw-mul\libc.a(lib_a-reallocr.o)
 .text._realloc_r
                0x0000000000043bb0      0x564 d:/programs/intelfpga_lite/18.1/nios2eds/bin/gnu/h-x86_64-mingw32/bin/../lib/gcc/nios2-elf/5.3.0/../../../../../H-x86_64-mingw32/nios2-elf/lib/mno-hw-mul\libc.a(lib_a-reallocr.o)
                0x0000000000043bb0                _realloc_r
 .text          0x0000000000044114        0x0 d:/programs/intelfpga_lite/18.1/nios2eds/bin/gnu/h-x86_64-mingw32/bin/../lib/gcc/nios2-elf/5.3.0/../../../../../H-x86_64-mingw32/nios2-elf/lib/mno-hw-mul\libc.a(lib_a-sbrkr.o)
 .text._sbrk_r  0x0000000000044114       0x54 d:/programs/intelfpga_lite/18.1/nios2eds/bin/gnu/h-x86_64-mingw32/bin/../lib/gcc/nios2-elf/5.3.0/../../../../../H-x86_64-mingw32/nios2-elf/lib/mno-hw-mul\libc.a(lib_a-sbrkr.o)
                0x0000000000044114                _sbrk_r
 .text          0x0000000000044168        0x0 d:/programs/intelfpga_lite/18.1/nios2eds/bin/gnu/h-x86_64-mingw32/bin/../lib/gcc/nios2-elf/5.3.0/../../../../../H-x86_64-mingw32/nios2-elf/lib/mno-hw-mul\libc.a(lib_a-strlen.o)
 .text.strlen   0x0000000000044168       0x98 d:/programs/intelfpga_lite/18.1/nios2eds/bin/gnu/h-x86_64-mingw32/bin/../lib/gcc/nios2-elf/5.3.0/../../../../../H-x86_64-mingw32/nios2-elf/lib/mno-hw-mul\libc.a(lib_a-strlen.o)
                0x0000000000044168                strlen
 .text          0x0000000000044200        0x0 d:/programs/intelfpga_lite/18.1/nios2eds/bin/gnu/h-x86_64-mingw32/bin/../lib/gcc/nios2-elf/5.3.0/../../../../../H-x86_64-mingw32/nios2-elf/lib/mno-hw-mul\libc.a(lib_a-wsetup.o)
 .text.__swsetup_r
                0x0000000000044200      0x154 d:/programs/intelfpga_lite/18.1/nios2eds/bin/gnu/h-x86_64-mingw32/bin/../lib/gcc/nios2-elf/5.3.0/../../../../../H-x86_64-mingw32/nios2-elf/lib/mno-hw-mul\libc.a(lib_a-wsetup.o)
                0x0000000000044200                __swsetup_r
 .text          0x0000000000044354        0x0 d:/programs/intelfpga_lite/18.1/nios2eds/bin/gnu/h-x86_64-mingw32/bin/../lib/gcc/nios2-elf/5.3.0/../../../../../H-x86_64-mingw32/nios2-elf/lib/mno-hw-mul\libc.a(lib_a-__atexit.o)
 .text.__register_exitproc
                0x0000000000044354      0x118 d:/programs/intelfpga_lite/18.1/nios2eds/bin/gnu/h-x86_64-mingw32/bin/../lib/gcc/nios2-elf/5.3.0/../../../../../H-x86_64-mingw32/nios2-elf/lib/mno-hw-mul\libc.a(lib_a-__atexit.o)
                0x0000000000044354                __register_exitproc
 .text          0x000000000004446c        0x0 d:/programs/intelfpga_lite/18.1/nios2eds/bin/gnu/h-x86_64-mingw32/bin/../lib/gcc/nios2-elf/5.3.0/../../../../../H-x86_64-mingw32/nios2-elf/lib/mno-hw-mul\libc.a(lib_a-__call_atexit.o)
 .text.__call_exitprocs
                0x000000000004446c      0x180 d:/programs/intelfpga_lite/18.1/nios2eds/bin/gnu/h-x86_64-mingw32/bin/../lib/gcc/nios2-elf/5.3.0/../../../../../H-x86_64-mingw32/nios2-elf/lib/mno-hw-mul\libc.a(lib_a-__call_atexit.o)
                0x000000000004446c                __call_exitprocs
 .text          0x00000000000445ec        0x0 d:/programs/intelfpga_lite/18.1/nios2eds/bin/gnu/h-x86_64-mingw32/bin/../lib/gcc/nios2-elf/5.3.0/../../../../../H-x86_64-mingw32/nios2-elf/lib/mno-hw-mul\libc.a(lib_a-fflush.o)
 .text.__sflush_r
                0x00000000000445ec      0x21c d:/programs/intelfpga_lite/18.1/nios2eds/bin/gnu/h-x86_64-mingw32/bin/../lib/gcc/nios2-elf/5.3.0/../../../../../H-x86_64-mingw32/nios2-elf/lib/mno-hw-mul\libc.a(lib_a-fflush.o)
                0x00000000000445ec                __sflush_r
 .text._fflush_r
                0x0000000000044808       0x5c d:/programs/intelfpga_lite/18.1/nios2eds/bin/gnu/h-x86_64-mingw32/bin/../lib/gcc/nios2-elf/5.3.0/../../../../../H-x86_64-mingw32/nios2-elf/lib/mno-hw-mul\libc.a(lib_a-fflush.o)
                0x0000000000044808                _fflush_r
 .text.fflush   0x0000000000044864       0x30 d:/programs/intelfpga_lite/18.1/nios2eds/bin/gnu/h-x86_64-mingw32/bin/../lib/gcc/nios2-elf/5.3.0/../../../../../H-x86_64-mingw32/nios2-elf/lib/mno-hw-mul\libc.a(lib_a-fflush.o)
                0x0000000000044864                fflush
 .text          0x0000000000044894        0x0 d:/programs/intelfpga_lite/18.1/nios2eds/bin/gnu/h-x86_64-mingw32/bin/../lib/gcc/nios2-elf/5.3.0/../../../../../H-x86_64-mingw32/nios2-elf/lib/mno-hw-mul\libc.a(lib_a-findfp.o)
 .text.__fp_unlock
                0x0000000000044894        0x8 d:/programs/intelfpga_lite/18.1/nios2eds/bin/gnu/h-x86_64-mingw32/bin/../lib/gcc/nios2-elf/5.3.0/../../../../../H-x86_64-mingw32/nios2-elf/lib/mno-hw-mul\libc.a(lib_a-findfp.o)
 .text._cleanup_r
                0x000000000004489c        0xc d:/programs/intelfpga_lite/18.1/nios2eds/bin/gnu/h-x86_64-mingw32/bin/../lib/gcc/nios2-elf/5.3.0/../../../../../H-x86_64-mingw32/nios2-elf/lib/mno-hw-mul\libc.a(lib_a-findfp.o)
                0x000000000004489c                _cleanup_r
 .text.__sinit.part.1
                0x00000000000448a8      0x19c d:/programs/intelfpga_lite/18.1/nios2eds/bin/gnu/h-x86_64-mingw32/bin/../lib/gcc/nios2-elf/5.3.0/../../../../../H-x86_64-mingw32/nios2-elf/lib/mno-hw-mul\libc.a(lib_a-findfp.o)
 .text.__fp_lock
                0x0000000000044a44        0x8 d:/programs/intelfpga_lite/18.1/nios2eds/bin/gnu/h-x86_64-mingw32/bin/../lib/gcc/nios2-elf/5.3.0/../../../../../H-x86_64-mingw32/nios2-elf/lib/mno-hw-mul\libc.a(lib_a-findfp.o)
 .text.__sfmoreglue
                0x0000000000044a4c       0x78 d:/programs/intelfpga_lite/18.1/nios2eds/bin/gnu/h-x86_64-mingw32/bin/../lib/gcc/nios2-elf/5.3.0/../../../../../H-x86_64-mingw32/nios2-elf/lib/mno-hw-mul\libc.a(lib_a-findfp.o)
                0x0000000000044a4c                __sfmoreglue
 .text.__sfp    0x0000000000044ac4      0x118 d:/programs/intelfpga_lite/18.1/nios2eds/bin/gnu/h-x86_64-mingw32/bin/../lib/gcc/nios2-elf/5.3.0/../../../../../H-x86_64-mingw32/nios2-elf/lib/mno-hw-mul\libc.a(lib_a-findfp.o)
                0x0000000000044ac4                __sfp
 .text._cleanup
                0x0000000000044bdc       0x18 d:/programs/intelfpga_lite/18.1/nios2eds/bin/gnu/h-x86_64-mingw32/bin/../lib/gcc/nios2-elf/5.3.0/../../../../../H-x86_64-mingw32/nios2-elf/lib/mno-hw-mul\libc.a(lib_a-findfp.o)
                0x0000000000044bdc                _cleanup
 .text.__sinit  0x0000000000044bf4       0x10 d:/programs/intelfpga_lite/18.1/nios2eds/bin/gnu/h-x86_64-mingw32/bin/../lib/gcc/nios2-elf/5.3.0/../../../../../H-x86_64-mingw32/nios2-elf/lib/mno-hw-mul\libc.a(lib_a-findfp.o)
                0x0000000000044bf4                __sinit
 .text.__sfp_lock_acquire
                0x0000000000044c04        0x4 d:/programs/intelfpga_lite/18.1/nios2eds/bin/gnu/h-x86_64-mingw32/bin/../lib/gcc/nios2-elf/5.3.0/../../../../../H-x86_64-mingw32/nios2-elf/lib/mno-hw-mul\libc.a(lib_a-findfp.o)
                0x0000000000044c04                __sfp_lock_acquire
 .text.__sfp_lock_release
                0x0000000000044c08        0x4 d:/programs/intelfpga_lite/18.1/nios2eds/bin/gnu/h-x86_64-mingw32/bin/../lib/gcc/nios2-elf/5.3.0/../../../../../H-x86_64-mingw32/nios2-elf/lib/mno-hw-mul\libc.a(lib_a-findfp.o)
                0x0000000000044c08                __sfp_lock_release
 .text.__sinit_lock_acquire
                0x0000000000044c0c        0x4 d:/programs/intelfpga_lite/18.1/nios2eds/bin/gnu/h-x86_64-mingw32/bin/../lib/gcc/nios2-elf/5.3.0/../../../../../H-x86_64-mingw32/nios2-elf/lib/mno-hw-mul\libc.a(lib_a-findfp.o)
                0x0000000000044c0c                __sinit_lock_acquire
 .text.__sinit_lock_release
                0x0000000000044c10        0x4 d:/programs/intelfpga_lite/18.1/nios2eds/bin/gnu/h-x86_64-mingw32/bin/../lib/gcc/nios2-elf/5.3.0/../../../../../H-x86_64-mingw32/nios2-elf/lib/mno-hw-mul\libc.a(lib_a-findfp.o)
                0x0000000000044c10                __sinit_lock_release
 .text.__fp_lock_all
                0x0000000000044c14       0x18 d:/programs/intelfpga_lite/18.1/nios2eds/bin/gnu/h-x86_64-mingw32/bin/../lib/gcc/nios2-elf/5.3.0/../../../../../H-x86_64-mingw32/nios2-elf/lib/mno-hw-mul\libc.a(lib_a-findfp.o)
                0x0000000000044c14                __fp_lock_all
 .text.__fp_unlock_all
                0x0000000000044c2c       0x18 d:/programs/intelfpga_lite/18.1/nios2eds/bin/gnu/h-x86_64-mingw32/bin/../lib/gcc/nios2-elf/5.3.0/../../../../../H-x86_64-mingw32/nios2-elf/lib/mno-hw-mul\libc.a(lib_a-findfp.o)
                0x0000000000044c2c                __fp_unlock_all
 .text          0x0000000000044c44        0x0 d:/programs/intelfpga_lite/18.1/nios2eds/bin/gnu/h-x86_64-mingw32/bin/../lib/gcc/nios2-elf/5.3.0/../../../../../H-x86_64-mingw32/nios2-elf/lib/mno-hw-mul\libc.a(lib_a-freer.o)
 .text._malloc_trim_r
                0x0000000000044c44      0x124 d:/programs/intelfpga_lite/18.1/nios2eds/bin/gnu/h-x86_64-mingw32/bin/../lib/gcc/nios2-elf/5.3.0/../../../../../H-x86_64-mingw32/nios2-elf/lib/mno-hw-mul\libc.a(lib_a-freer.o)
                0x0000000000044c44                _malloc_trim_r
 .text._free_r  0x0000000000044d68      0x310 d:/programs/intelfpga_lite/18.1/nios2eds/bin/gnu/h-x86_64-mingw32/bin/../lib/gcc/nios2-elf/5.3.0/../../../../../H-x86_64-mingw32/nios2-elf/lib/mno-hw-mul\libc.a(lib_a-freer.o)
                0x0000000000044d68                _free_r
 .text          0x0000000000045078        0x0 d:/programs/intelfpga_lite/18.1/nios2eds/bin/gnu/h-x86_64-mingw32/bin/../lib/gcc/nios2-elf/5.3.0/../../../../../H-x86_64-mingw32/nios2-elf/lib/mno-hw-mul\libc.a(lib_a-fwalk.o)
 .text._fwalk   0x0000000000045078       0xc4 d:/programs/intelfpga_lite/18.1/nios2eds/bin/gnu/h-x86_64-mingw32/bin/../lib/gcc/nios2-elf/5.3.0/../../../../../H-x86_64-mingw32/nios2-elf/lib/mno-hw-mul\libc.a(lib_a-fwalk.o)
                0x0000000000045078                _fwalk
 .text._fwalk_reent
                0x000000000004513c       0xc4 d:/programs/intelfpga_lite/18.1/nios2eds/bin/gnu/h-x86_64-mingw32/bin/../lib/gcc/nios2-elf/5.3.0/../../../../../H-x86_64-mingw32/nios2-elf/lib/mno-hw-mul\libc.a(lib_a-fwalk.o)
                0x000000000004513c                _fwalk_reent
 .text          0x0000000000045200        0x0 d:/programs/intelfpga_lite/18.1/nios2eds/bin/gnu/h-x86_64-mingw32/bin/../lib/gcc/nios2-elf/5.3.0/../../../../../H-x86_64-mingw32/nios2-elf/lib/mno-hw-mul\libc.a(lib_a-makebuf.o)
 .text.__smakebuf_r
                0x0000000000045200      0x1bc d:/programs/intelfpga_lite/18.1/nios2eds/bin/gnu/h-x86_64-mingw32/bin/../lib/gcc/nios2-elf/5.3.0/../../../../../H-x86_64-mingw32/nios2-elf/lib/mno-hw-mul\libc.a(lib_a-makebuf.o)
                0x0000000000045200                __smakebuf_r
 .text          0x00000000000453bc        0x0 d:/programs/intelfpga_lite/18.1/nios2eds/bin/gnu/h-x86_64-mingw32/bin/../lib/gcc/nios2-elf/5.3.0/../../../../../H-x86_64-mingw32/nios2-elf/lib/mno-hw-mul\libc.a(lib_a-memset.o)
 .text.memset   0x00000000000453bc      0x128 d:/programs/intelfpga_lite/18.1/nios2eds/bin/gnu/h-x86_64-mingw32/bin/../lib/gcc/nios2-elf/5.3.0/../../../../../H-x86_64-mingw32/nios2-elf/lib/mno-hw-mul\libc.a(lib_a-memset.o)
                0x00000000000453bc                memset
 .text          0x00000000000454e4        0x0 d:/programs/intelfpga_lite/18.1/nios2eds/bin/gnu/h-x86_64-mingw32/bin/../lib/gcc/nios2-elf/5.3.0/../../../../../H-x86_64-mingw32/nios2-elf/lib/mno-hw-mul\libc.a(lib_a-stdio.o)
 .text.__sread  0x00000000000454e4       0x54 d:/programs/intelfpga_lite/18.1/nios2eds/bin/gnu/h-x86_64-mingw32/bin/../lib/gcc/nios2-elf/5.3.0/../../../../../H-x86_64-mingw32/nios2-elf/lib/mno-hw-mul\libc.a(lib_a-stdio.o)
                0x00000000000454e4                __sread
 .text.__seofread
                0x0000000000045538        0x8 d:/programs/intelfpga_lite/18.1/nios2eds/bin/gnu/h-x86_64-mingw32/bin/../lib/gcc/nios2-elf/5.3.0/../../../../../H-x86_64-mingw32/nios2-elf/lib/mno-hw-mul\libc.a(lib_a-stdio.o)
                0x0000000000045538                __seofread
 .text.__swrite
                0x0000000000045540       0x7c d:/programs/intelfpga_lite/18.1/nios2eds/bin/gnu/h-x86_64-mingw32/bin/../lib/gcc/nios2-elf/5.3.0/../../../../../H-x86_64-mingw32/nios2-elf/lib/mno-hw-mul\libc.a(lib_a-stdio.o)
                0x0000000000045540                __swrite
 .text.__sseek  0x00000000000455bc       0x5c d:/programs/intelfpga_lite/18.1/nios2eds/bin/gnu/h-x86_64-mingw32/bin/../lib/gcc/nios2-elf/5.3.0/../../../../../H-x86_64-mingw32/nios2-elf/lib/mno-hw-mul\libc.a(lib_a-stdio.o)
                0x00000000000455bc                __sseek
 .text.__sclose
                0x0000000000045618        0x8 d:/programs/intelfpga_lite/18.1/nios2eds/bin/gnu/h-x86_64-mingw32/bin/../lib/gcc/nios2-elf/5.3.0/../../../../../H-x86_64-mingw32/nios2-elf/lib/mno-hw-mul\libc.a(lib_a-stdio.o)
                0x0000000000045618                __sclose
 .text          0x0000000000045620        0x0 d:/programs/intelfpga_lite/18.1/nios2eds/bin/gnu/h-x86_64-mingw32/bin/../lib/gcc/nios2-elf/5.3.0/../../../../../H-x86_64-mingw32/nios2-elf/lib/mno-hw-mul\libc.a(lib_a-writer.o)
 .text._write_r
                0x0000000000045620       0x60 d:/programs/intelfpga_lite/18.1/nios2eds/bin/gnu/h-x86_64-mingw32/bin/../lib/gcc/nios2-elf/5.3.0/../../../../../H-x86_64-mingw32/nios2-elf/lib/mno-hw-mul\libc.a(lib_a-writer.o)
                0x0000000000045620                _write_r
 .text          0x0000000000045680        0x0 d:/programs/intelfpga_lite/18.1/nios2eds/bin/gnu/h-x86_64-mingw32/bin/../lib/gcc/nios2-elf/5.3.0/../../../../../H-x86_64-mingw32/nios2-elf/lib/mno-hw-mul\libc.a(closer.o)
 .text._close_r
                0x0000000000045680       0x54 d:/programs/intelfpga_lite/18.1/nios2eds/bin/gnu/h-x86_64-mingw32/bin/../lib/gcc/nios2-elf/5.3.0/../../../../../H-x86_64-mingw32/nios2-elf/lib/mno-hw-mul\libc.a(closer.o)
                0x0000000000045680                _close_r
 .text          0x00000000000456d4        0x0 d:/programs/intelfpga_lite/18.1/nios2eds/bin/gnu/h-x86_64-mingw32/bin/../lib/gcc/nios2-elf/5.3.0/../../../../../H-x86_64-mingw32/nios2-elf/lib/mno-hw-mul\libc.a(lib_a-fclose.o)
 .text._fclose_r
                0x00000000000456d4       0xf0 d:/programs/intelfpga_lite/18.1/nios2eds/bin/gnu/h-x86_64-mingw32/bin/../lib/gcc/nios2-elf/5.3.0/../../../../../H-x86_64-mingw32/nios2-elf/lib/mno-hw-mul\libc.a(lib_a-fclose.o)
                0x00000000000456d4                _fclose_r
 .text.fclose   0x00000000000457c4       0x14 d:/programs/intelfpga_lite/18.1/nios2eds/bin/gnu/h-x86_64-mingw32/bin/../lib/gcc/nios2-elf/5.3.0/../../../../../H-x86_64-mingw32/nios2-elf/lib/mno-hw-mul\libc.a(lib_a-fclose.o)
                0x00000000000457c4                fclose
 .text          0x00000000000457d8        0x0 d:/programs/intelfpga_lite/18.1/nios2eds/bin/gnu/h-x86_64-mingw32/bin/../lib/gcc/nios2-elf/5.3.0/../../../../../H-x86_64-mingw32/nios2-elf/lib/mno-hw-mul\libc.a(lib_a-fstatr.o)
 .text._fstat_r
                0x00000000000457d8       0x5c d:/programs/intelfpga_lite/18.1/nios2eds/bin/gnu/h-x86_64-mingw32/bin/../lib/gcc/nios2-elf/5.3.0/../../../../../H-x86_64-mingw32/nios2-elf/lib/mno-hw-mul\libc.a(lib_a-fstatr.o)
                0x00000000000457d8                _fstat_r
 .text          0x0000000000045834        0x0 d:/programs/intelfpga_lite/18.1/nios2eds/bin/gnu/h-x86_64-mingw32/bin/../lib/gcc/nios2-elf/5.3.0/../../../../../H-x86_64-mingw32/nios2-elf/lib/mno-hw-mul\libc.a(lib_a-isattyr.o)
 .text._isatty_r
                0x0000000000045834       0x54 d:/programs/intelfpga_lite/18.1/nios2eds/bin/gnu/h-x86_64-mingw32/bin/../lib/gcc/nios2-elf/5.3.0/../../../../../H-x86_64-mingw32/nios2-elf/lib/mno-hw-mul\libc.a(lib_a-isattyr.o)
                0x0000000000045834                _isatty_r
 .text          0x0000000000045888        0x0 d:/programs/intelfpga_lite/18.1/nios2eds/bin/gnu/h-x86_64-mingw32/bin/../lib/gcc/nios2-elf/5.3.0/../../../../../H-x86_64-mingw32/nios2-elf/lib/mno-hw-mul\libc.a(lib_a-lseekr.o)
 .text._lseek_r
                0x0000000000045888       0x60 d:/programs/intelfpga_lite/18.1/nios2eds/bin/gnu/h-x86_64-mingw32/bin/../lib/gcc/nios2-elf/5.3.0/../../../../../H-x86_64-mingw32/nios2-elf/lib/mno-hw-mul\libc.a(lib_a-lseekr.o)
                0x0000000000045888                _lseek_r
 .text          0x00000000000458e8        0x0 d:/programs/intelfpga_lite/18.1/nios2eds/bin/gnu/h-x86_64-mingw32/bin/../lib/gcc/nios2-elf/5.3.0/../../../../../H-x86_64-mingw32/nios2-elf/lib/mno-hw-mul\libc.a(lib_a-readr.o)
 .text._read_r  0x00000000000458e8       0x60 d:/programs/intelfpga_lite/18.1/nios2eds/bin/gnu/h-x86_64-mingw32/bin/../lib/gcc/nios2-elf/5.3.0/../../../../../H-x86_64-mingw32/nios2-elf/lib/mno-hw-mul\libc.a(lib_a-readr.o)
                0x00000000000458e8                _read_r
 .text          0x0000000000045948       0x34 ../testWifiTouchVGA_bsp/\libhal_bsp.a(alt_exit.o)
                0x0000000000045948                _exit
 .text          0x000000000004597c       0xf4 ../testWifiTouchVGA_bsp/\libhal_bsp.a(alt_fstat.o)
                0x00000000000459b8                fstat
 .text          0x0000000000045a70       0xe8 ../testWifiTouchVGA_bsp/\libhal_bsp.a(alt_isatty.o)
                0x0000000000045aac                isatty
 .text          0x0000000000045b58      0x118 ../testWifiTouchVGA_bsp/\libhal_bsp.a(alt_lseek.o)
                0x0000000000045b94                lseek
 .text          0x0000000000045c70       0x48 ../testWifiTouchVGA_bsp/\libhal_bsp.a(alt_malloc_lock.o)
                0x0000000000045c70                __malloc_lock
                0x0000000000045c94                __malloc_unlock
 .text          0x0000000000045cb8      0x140 ../testWifiTouchVGA_bsp/\libhal_bsp.a(alt_read.o)
                0x0000000000045cf4                read
 .text          0x0000000000045df8       0xb0 ../testWifiTouchVGA_bsp/\libhal_bsp.a(alt_sbrk.o)
                0x0000000000045df8                sbrk
 .text          0x0000000000045ea8      0x13c ../testWifiTouchVGA_bsp/\libhal_bsp.a(alt_write.o)
                0x0000000000045ee4                write
 *(.gnu.warning.*)
 *(.fini)
                [!provide]                        PROVIDE (__etext, ABSOLUTE (.))
                [!provide]                        PROVIDE (_etext, ABSOLUTE (.))
                [!provide]                        PROVIDE (etext, ABSOLUTE (.))
 *(.eh_frame_hdr)
                0x0000000000045fe4                . = ALIGN (0x4)
                [!provide]                        PROVIDE (__preinit_array_start, ABSOLUTE (.))
 *(.preinit_array)
                [!provide]                        PROVIDE (__preinit_array_end, ABSOLUTE (.))
                [!provide]                        PROVIDE (__init_array_start, ABSOLUTE (.))
 *(.init_array)
                [!provide]                        PROVIDE (__init_array_end, ABSOLUTE (.))
                [!provide]                        PROVIDE (__fini_array_start, ABSOLUTE (.))
 *(.fini_array)
                [!provide]                        PROVIDE (__fini_array_end, ABSOLUTE (.))
 *(.eh_frame)
 *(.gcc_except_table .gcc_except_table.*)
 *(.dynamic)
                0x0000000000045fe4                PROVIDE (__CTOR_LIST__, ABSOLUTE (.))
 *(.ctors)
 *(SORT(.ctors.*))
                0x0000000000045fe4                PROVIDE (__CTOR_END__, ABSOLUTE (.))
                0x0000000000045fe4                PROVIDE (__DTOR_LIST__, ABSOLUTE (.))
 *(.dtors)
 *(SORT(.dtors.*))
                0x0000000000045fe4                PROVIDE (__DTOR_END__, ABSOLUTE (.))
 *(.jcr)
                0x0000000000045fe4                . = ALIGN (0x4)

.rodata         0x0000000008000000       0xb4 load address 0x0000000000045fe4
                0x0000000008000000                PROVIDE (__ram_rodata_start, ABSOLUTE (.))
                0x0000000008000000                . = ALIGN (0x4)
 *(.rodata .rodata.* .gnu.linkonce.r.*)
 .rodata        0x0000000008000000       0x15 obj/default/main.o
 *fill*         0x0000000008000015        0x3 
 .rodata        0x0000000008000018       0x11 ../testWifiTouchVGA_bsp/\libhal_bsp.a(alt_main.o)
 *fill*         0x0000000008000029        0x3 
 .rodata        0x000000000800002c       0x77 ../testWifiTouchVGA_bsp/\libhal_bsp.a(alt_sys_init.o)
 *fill*         0x00000000080000a3        0x1 
 .rodata        0x00000000080000a4        0xa ../testWifiTouchVGA_bsp/\libhal_bsp.a(alt_dev.o)
 *fill*         0x00000000080000ae        0x2 
 .rodata.str1.4
                0x00000000080000b0        0x4 d:/programs/intelfpga_lite/18.1/nios2eds/bin/gnu/h-x86_64-mingw32/bin/../lib/gcc/nios2-elf/5.3.0/../../../../../H-x86_64-mingw32/nios2-elf/lib/mno-hw-mul\libc.a(lib_a-impure.o)
                                          0x2 (size before relaxing)
 *(.rodata1)
                0x00000000080000b4                . = ALIGN (0x4)
                0x00000000080000b4                PROVIDE (__ram_rodata_end, ABSOLUTE (.))
                0x0000000000045fe4                PROVIDE (__flash_rodata_start, LOADADDR (.rodata))

.rwdata         0x00000000080000b4     0x1b5c load address 0x0000000000046098
                0x00000000080000b4                PROVIDE (__ram_rwdata_start, ABSOLUTE (.))
                0x00000000080000b4                . = ALIGN (0x4)
 *(.got.plt)
 *(.got)
 *(.data1)
 *(.data .data.* .gnu.linkonce.d.*)
 .data          0x00000000080000b4        0x0 ../testWifiTouchVGA_bsp//obj/HAL/src/crt0.o
 .data          0x00000000080000b4        0x0 obj/default/main.o
 .data          0x00000000080000b4        0x0 d:/programs/intelfpga_lite/18.1/nios2eds/bin/gnu/h-x86_64-mingw32/bin/../lib/gcc/nios2-elf/5.3.0/mno-hw-mul\libgcc.a(lib2-divmod.o)
 .data          0x00000000080000b4        0x0 d:/programs/intelfpga_lite/18.1/nios2eds/bin/gnu/h-x86_64-mingw32/bin/../lib/gcc/nios2-elf/5.3.0/mno-hw-mul\libgcc.a(lib2-mul.o)
 .data          0x00000000080000b4        0x0 ../testWifiTouchVGA_bsp/\libhal_bsp.a(alt_load.o)
 .data          0x00000000080000b4        0x0 ../testWifiTouchVGA_bsp/\libhal_bsp.a(alt_main.o)
 .data          0x00000000080000b4        0x0 ../testWifiTouchVGA_bsp/\libhal_bsp.a(alt_putstr.o)
 .data          0x00000000080000b4     0x1150 ../testWifiTouchVGA_bsp/\libhal_bsp.a(alt_sys_init.o)
 .data          0x0000000008001204        0x0 ../testWifiTouchVGA_bsp/\libhal_bsp.a(altera_avalon_jtag_uart_fd.o)
 .data          0x0000000008001204        0x0 ../testWifiTouchVGA_bsp/\libhal_bsp.a(altera_avalon_jtag_uart_init.o)
 .data          0x0000000008001204        0x0 ../testWifiTouchVGA_bsp/\libhal_bsp.a(altera_avalon_jtag_uart_ioctl.o)
 .data          0x0000000008001204        0x0 ../testWifiTouchVGA_bsp/\libhal_bsp.a(altera_avalon_jtag_uart_read.o)
 .data          0x0000000008001204        0x0 ../testWifiTouchVGA_bsp/\libhal_bsp.a(altera_avalon_jtag_uart_write.o)
 .data          0x0000000008001204        0x0 ../testWifiTouchVGA_bsp/\libhal_bsp.a(altera_up_avalon_rs232.o)
 .data          0x0000000008001204        0x0 ../testWifiTouchVGA_bsp/\libhal_bsp.a(alt_alarm_start.o)
 .data          0x0000000008001204        0x0 ../testWifiTouchVGA_bsp/\libhal_bsp.a(alt_close.o)
 .data          0x0000000008001204        0x0 ../testWifiTouchVGA_bsp/\libhal_bsp.a(alt_dcache_flush_all.o)
 .data          0x0000000008001204      0x1a8 ../testWifiTouchVGA_bsp/\libhal_bsp.a(alt_dev.o)
                0x0000000008001204                alt_dev_null
                0x000000000800122c                alt_fd_list
 .data          0x00000000080013ac        0x0 ../testWifiTouchVGA_bsp/\libhal_bsp.a(alt_dev_llist_insert.o)
 .data          0x00000000080013ac        0x0 ../testWifiTouchVGA_bsp/\libhal_bsp.a(alt_do_ctors.o)
 .data          0x00000000080013ac        0x0 ../testWifiTouchVGA_bsp/\libhal_bsp.a(alt_do_dtors.o)
 .data          0x00000000080013ac        0x0 ../testWifiTouchVGA_bsp/\libhal_bsp.a(alt_errno.o)
 .data          0x00000000080013ac        0x0 ../testWifiTouchVGA_bsp/\libhal_bsp.a(alt_find_dev.o)
 .data          0x00000000080013ac        0x0 ../testWifiTouchVGA_bsp/\libhal_bsp.a(alt_icache_flush_all.o)
 .data          0x00000000080013ac        0x0 ../testWifiTouchVGA_bsp/\libhal_bsp.a(alt_io_redirect.o)
 .data          0x00000000080013ac        0x0 ../testWifiTouchVGA_bsp/\libhal_bsp.a(alt_irq_register.o)
 .data          0x00000000080013ac        0x0 ../testWifiTouchVGA_bsp/\libhal_bsp.a(alt_irq_vars.o)
 .data          0x00000000080013ac        0x0 ../testWifiTouchVGA_bsp/\libhal_bsp.a(alt_open.o)
 .data          0x00000000080013ac        0x0 ../testWifiTouchVGA_bsp/\libhal_bsp.a(alt_release_fd.o)
 .data          0x00000000080013ac        0x0 ../testWifiTouchVGA_bsp/\libhal_bsp.a(alt_tick.o)
 .data          0x00000000080013ac        0x0 ../testWifiTouchVGA_bsp/\libhal_bsp.a(altera_nios2_gen2_irq.o)
 .data          0x00000000080013ac        0x0 ../testWifiTouchVGA_bsp/\libhal_bsp.a(alt_find_file.o)
 .data          0x00000000080013ac        0x0 ../testWifiTouchVGA_bsp/\libhal_bsp.a(alt_get_fd.o)
 .data          0x00000000080013ac        0x0 ../testWifiTouchVGA_bsp/\libhal_bsp.a(alt_irq_entry.o)
 .data          0x00000000080013ac        0x0 ../testWifiTouchVGA_bsp/\libhal_bsp.a(alt_irq_handler.o)
 .data          0x00000000080013ac        0x0 ../testWifiTouchVGA_bsp/\libhal_bsp.a(alt_exception_entry.o)
 .data          0x00000000080013ac        0x0 ../testWifiTouchVGA_bsp/\libhal_bsp.a(alt_instruction_exception_entry.o)
 .data          0x00000000080013ac        0x0 d:/programs/intelfpga_lite/18.1/nios2eds/bin/gnu/h-x86_64-mingw32/bin/../lib/gcc/nios2-elf/5.3.0/../../../../../H-x86_64-mingw32/nios2-elf/lib/mno-hw-mul\libc.a(lib_a-atexit.o)
 .data          0x00000000080013ac        0x0 d:/programs/intelfpga_lite/18.1/nios2eds/bin/gnu/h-x86_64-mingw32/bin/../lib/gcc/nios2-elf/5.3.0/../../../../../H-x86_64-mingw32/nios2-elf/lib/mno-hw-mul\libc.a(lib_a-exit.o)
 .data          0x00000000080013ac        0x0 d:/programs/intelfpga_lite/18.1/nios2eds/bin/gnu/h-x86_64-mingw32/bin/../lib/gcc/nios2-elf/5.3.0/../../../../../H-x86_64-mingw32/nios2-elf/lib/mno-hw-mul\libc.a(lib_a-fputs.o)
 .data          0x00000000080013ac        0x0 d:/programs/intelfpga_lite/18.1/nios2eds/bin/gnu/h-x86_64-mingw32/bin/../lib/gcc/nios2-elf/5.3.0/../../../../../H-x86_64-mingw32/nios2-elf/lib/mno-hw-mul\libc.a(lib_a-fvwrite.o)
 .data          0x00000000080013ac        0x0 d:/programs/intelfpga_lite/18.1/nios2eds/bin/gnu/h-x86_64-mingw32/bin/../lib/gcc/nios2-elf/5.3.0/../../../../../H-x86_64-mingw32/nios2-elf/lib/mno-hw-mul\libc.a(lib_a-impure.o)
 .data.impure_data
                0x00000000080013ac      0x424 d:/programs/intelfpga_lite/18.1/nios2eds/bin/gnu/h-x86_64-mingw32/bin/../lib/gcc/nios2-elf/5.3.0/../../../../../H-x86_64-mingw32/nios2-elf/lib/mno-hw-mul\libc.a(lib_a-impure.o)
 .data          0x00000000080017d0        0x0 d:/programs/intelfpga_lite/18.1/nios2eds/bin/gnu/h-x86_64-mingw32/bin/../lib/gcc/nios2-elf/5.3.0/../../../../../H-x86_64-mingw32/nios2-elf/lib/mno-hw-mul\libc.a(lib_a-int_errno.o)
 .data          0x00000000080017d0        0x0 d:/programs/intelfpga_lite/18.1/nios2eds/bin/gnu/h-x86_64-mingw32/bin/../lib/gcc/nios2-elf/5.3.0/../../../../../H-x86_64-mingw32/nios2-elf/lib/mno-hw-mul\libc.a(lib_a-mallocr.o)
 .data.__malloc_av_
                0x00000000080017d0      0x408 d:/programs/intelfpga_lite/18.1/nios2eds/bin/gnu/h-x86_64-mingw32/bin/../lib/gcc/nios2-elf/5.3.0/../../../../../H-x86_64-mingw32/nios2-elf/lib/mno-hw-mul\libc.a(lib_a-mallocr.o)
                0x00000000080017d0                __malloc_av_
 .data          0x0000000008001bd8        0x0 d:/programs/intelfpga_lite/18.1/nios2eds/bin/gnu/h-x86_64-mingw32/bin/../lib/gcc/nios2-elf/5.3.0/../../../../../H-x86_64-mingw32/nios2-elf/lib/mno-hw-mul\libc.a(lib_a-memchr.o)
 .data          0x0000000008001bd8        0x0 d:/programs/intelfpga_lite/18.1/nios2eds/bin/gnu/h-x86_64-mingw32/bin/../lib/gcc/nios2-elf/5.3.0/../../../../../H-x86_64-mingw32/nios2-elf/lib/mno-hw-mul\libc.a(lib_a-memcmp.o)
 .data          0x0000000008001bd8        0x0 d:/programs/intelfpga_lite/18.1/nios2eds/bin/gnu/h-x86_64-mingw32/bin/../lib/gcc/nios2-elf/5.3.0/../../../../../H-x86_64-mingw32/nios2-elf/lib/mno-hw-mul\libc.a(lib_a-memcpy.o)
 .data          0x0000000008001bd8        0x0 d:/programs/intelfpga_lite/18.1/nios2eds/bin/gnu/h-x86_64-mingw32/bin/../lib/gcc/nios2-elf/5.3.0/../../../../../H-x86_64-mingw32/nios2-elf/lib/mno-hw-mul\libc.a(lib_a-memmove.o)
 .data          0x0000000008001bd8        0x0 d:/programs/intelfpga_lite/18.1/nios2eds/bin/gnu/h-x86_64-mingw32/bin/../lib/gcc/nios2-elf/5.3.0/../../../../../H-x86_64-mingw32/nios2-elf/lib/mno-hw-mul\libc.a(lib_a-reallocr.o)
 .data          0x0000000008001bd8        0x0 d:/programs/intelfpga_lite/18.1/nios2eds/bin/gnu/h-x86_64-mingw32/bin/../lib/gcc/nios2-elf/5.3.0/../../../../../H-x86_64-mingw32/nios2-elf/lib/mno-hw-mul\libc.a(lib_a-sbrkr.o)
 .data          0x0000000008001bd8        0x0 d:/programs/intelfpga_lite/18.1/nios2eds/bin/gnu/h-x86_64-mingw32/bin/../lib/gcc/nios2-elf/5.3.0/../../../../../H-x86_64-mingw32/nios2-elf/lib/mno-hw-mul\libc.a(lib_a-strlen.o)
 .data          0x0000000008001bd8        0x0 d:/programs/intelfpga_lite/18.1/nios2eds/bin/gnu/h-x86_64-mingw32/bin/../lib/gcc/nios2-elf/5.3.0/../../../../../H-x86_64-mingw32/nios2-elf/lib/mno-hw-mul\libc.a(lib_a-wsetup.o)
 .data          0x0000000008001bd8        0x0 d:/programs/intelfpga_lite/18.1/nios2eds/bin/gnu/h-x86_64-mingw32/bin/../lib/gcc/nios2-elf/5.3.0/../../../../../H-x86_64-mingw32/nios2-elf/lib/mno-hw-mul\libc.a(lib_a-__atexit.o)
 .data          0x0000000008001bd8        0x0 d:/programs/intelfpga_lite/18.1/nios2eds/bin/gnu/h-x86_64-mingw32/bin/../lib/gcc/nios2-elf/5.3.0/../../../../../H-x86_64-mingw32/nios2-elf/lib/mno-hw-mul\libc.a(lib_a-__call_atexit.o)
 .data          0x0000000008001bd8        0x0 d:/programs/intelfpga_lite/18.1/nios2eds/bin/gnu/h-x86_64-mingw32/bin/../lib/gcc/nios2-elf/5.3.0/../../../../../H-x86_64-mingw32/nios2-elf/lib/mno-hw-mul\libc.a(lib_a-fflush.o)
 .data          0x0000000008001bd8        0x0 d:/programs/intelfpga_lite/18.1/nios2eds/bin/gnu/h-x86_64-mingw32/bin/../lib/gcc/nios2-elf/5.3.0/../../../../../H-x86_64-mingw32/nios2-elf/lib/mno-hw-mul\libc.a(lib_a-findfp.o)
 .data          0x0000000008001bd8        0x0 d:/programs/intelfpga_lite/18.1/nios2eds/bin/gnu/h-x86_64-mingw32/bin/../lib/gcc/nios2-elf/5.3.0/../../../../../H-x86_64-mingw32/nios2-elf/lib/mno-hw-mul\libc.a(lib_a-freer.o)
 .data          0x0000000008001bd8        0x0 d:/programs/intelfpga_lite/18.1/nios2eds/bin/gnu/h-x86_64-mingw32/bin/../lib/gcc/nios2-elf/5.3.0/../../../../../H-x86_64-mingw32/nios2-elf/lib/mno-hw-mul\libc.a(lib_a-fwalk.o)
 .data          0x0000000008001bd8        0x0 d:/programs/intelfpga_lite/18.1/nios2eds/bin/gnu/h-x86_64-mingw32/bin/../lib/gcc/nios2-elf/5.3.0/../../../../../H-x86_64-mingw32/nios2-elf/lib/mno-hw-mul\libc.a(lib_a-makebuf.o)
 .data          0x0000000008001bd8        0x0 d:/programs/intelfpga_lite/18.1/nios2eds/bin/gnu/h-x86_64-mingw32/bin/../lib/gcc/nios2-elf/5.3.0/../../../../../H-x86_64-mingw32/nios2-elf/lib/mno-hw-mul\libc.a(lib_a-memset.o)
 .data          0x0000000008001bd8        0x0 d:/programs/intelfpga_lite/18.1/nios2eds/bin/gnu/h-x86_64-mingw32/bin/../lib/gcc/nios2-elf/5.3.0/../../../../../H-x86_64-mingw32/nios2-elf/lib/mno-hw-mul\libc.a(lib_a-stdio.o)
 .data          0x0000000008001bd8        0x0 d:/programs/intelfpga_lite/18.1/nios2eds/bin/gnu/h-x86_64-mingw32/bin/../lib/gcc/nios2-elf/5.3.0/../../../../../H-x86_64-mingw32/nios2-elf/lib/mno-hw-mul\libc.a(lib_a-writer.o)
 .data          0x0000000008001bd8        0x0 d:/programs/intelfpga_lite/18.1/nios2eds/bin/gnu/h-x86_64-mingw32/bin/../lib/gcc/nios2-elf/5.3.0/../../../../../H-x86_64-mingw32/nios2-elf/lib/mno-hw-mul\libc.a(closer.o)
 .data          0x0000000008001bd8        0x0 d:/programs/intelfpga_lite/18.1/nios2eds/bin/gnu/h-x86_64-mingw32/bin/../lib/gcc/nios2-elf/5.3.0/../../../../../H-x86_64-mingw32/nios2-elf/lib/mno-hw-mul\libc.a(lib_a-fclose.o)
 .data          0x0000000008001bd8        0x0 d:/programs/intelfpga_lite/18.1/nios2eds/bin/gnu/h-x86_64-mingw32/bin/../lib/gcc/nios2-elf/5.3.0/../../../../../H-x86_64-mingw32/nios2-elf/lib/mno-hw-mul\libc.a(lib_a-fstatr.o)
 .data          0x0000000008001bd8        0x0 d:/programs/intelfpga_lite/18.1/nios2eds/bin/gnu/h-x86_64-mingw32/bin/../lib/gcc/nios2-elf/5.3.0/../../../../../H-x86_64-mingw32/nios2-elf/lib/mno-hw-mul\libc.a(lib_a-isattyr.o)
 .data          0x0000000008001bd8        0x0 d:/programs/intelfpga_lite/18.1/nios2eds/bin/gnu/h-x86_64-mingw32/bin/../lib/gcc/nios2-elf/5.3.0/../../../../../H-x86_64-mingw32/nios2-elf/lib/mno-hw-mul\libc.a(lib_a-lseekr.o)
 .data          0x0000000008001bd8        0x0 d:/programs/intelfpga_lite/18.1/nios2eds/bin/gnu/h-x86_64-mingw32/bin/../lib/gcc/nios2-elf/5.3.0/../../../../../H-x86_64-mingw32/nios2-elf/lib/mno-hw-mul\libc.a(lib_a-readr.o)
 .data          0x0000000008001bd8        0x0 ../testWifiTouchVGA_bsp/\libhal_bsp.a(alt_exit.o)
 .data          0x0000000008001bd8        0x0 ../testWifiTouchVGA_bsp/\libhal_bsp.a(alt_fstat.o)
 .data          0x0000000008001bd8        0x0 ../testWifiTouchVGA_bsp/\libhal_bsp.a(alt_isatty.o)
 .data          0x0000000008001bd8        0x0 ../testWifiTouchVGA_bsp/\libhal_bsp.a(alt_lseek.o)
 .data          0x0000000008001bd8        0x0 ../testWifiTouchVGA_bsp/\libhal_bsp.a(alt_malloc_lock.o)
 .data          0x0000000008001bd8        0x0 ../testWifiTouchVGA_bsp/\libhal_bsp.a(alt_read.o)
 .data          0x0000000008001bd8        0x0 ../testWifiTouchVGA_bsp/\libhal_bsp.a(alt_sbrk.o)
 .data          0x0000000008001bd8        0x0 ../testWifiTouchVGA_bsp/\libhal_bsp.a(alt_write.o)
                0x0000000008009bd8                _gp = ABSOLUTE ((. + 0x8000))
                [!provide]                        PROVIDE (gp, _gp)
 *(.rwdata .rwdata.*)
 *(.sdata .sdata.* .gnu.linkonce.s.*)
 .sdata         0x0000000008001bd8       0x14 ../testWifiTouchVGA_bsp/\libhal_bsp.a(alt_dev.o)
                0x0000000008001bd8                alt_fs_list
                0x0000000008001be0                alt_dev_list
                0x0000000008001be8                alt_max_fd
 .sdata         0x0000000008001bec        0x4 ../testWifiTouchVGA_bsp/\libhal_bsp.a(alt_errno.o)
                0x0000000008001bec                alt_errno
 .sdata         0x0000000008001bf0        0x4 ../testWifiTouchVGA_bsp/\libhal_bsp.a(alt_irq_vars.o)
                0x0000000008001bf0                alt_priority_mask
 .sdata         0x0000000008001bf4        0x8 ../testWifiTouchVGA_bsp/\libhal_bsp.a(alt_tick.o)
                0x0000000008001bf4                alt_alarm_list
 .sdata._global_impure_ptr
                0x0000000008001bfc        0x4 d:/programs/intelfpga_lite/18.1/nios2eds/bin/gnu/h-x86_64-mingw32/bin/../lib/gcc/nios2-elf/5.3.0/../../../../../H-x86_64-mingw32/nios2-elf/lib/mno-hw-mul\libc.a(lib_a-impure.o)
                0x0000000008001bfc                _global_impure_ptr
 .sdata._impure_ptr
                0x0000000008001c00        0x4 d:/programs/intelfpga_lite/18.1/nios2eds/bin/gnu/h-x86_64-mingw32/bin/../lib/gcc/nios2-elf/5.3.0/../../../../../H-x86_64-mingw32/nios2-elf/lib/mno-hw-mul\libc.a(lib_a-impure.o)
                0x0000000008001c00                _impure_ptr
 .sdata.__malloc_sbrk_base
                0x0000000008001c04        0x4 d:/programs/intelfpga_lite/18.1/nios2eds/bin/gnu/h-x86_64-mingw32/bin/../lib/gcc/nios2-elf/5.3.0/../../../../../H-x86_64-mingw32/nios2-elf/lib/mno-hw-mul\libc.a(lib_a-mallocr.o)
                0x0000000008001c04                __malloc_sbrk_base
 .sdata.__malloc_trim_threshold
                0x0000000008001c08        0x4 d:/programs/intelfpga_lite/18.1/nios2eds/bin/gnu/h-x86_64-mingw32/bin/../lib/gcc/nios2-elf/5.3.0/../../../../../H-x86_64-mingw32/nios2-elf/lib/mno-hw-mul\libc.a(lib_a-mallocr.o)
                0x0000000008001c08                __malloc_trim_threshold
 .sdata         0x0000000008001c0c        0x4 ../testWifiTouchVGA_bsp/\libhal_bsp.a(alt_sbrk.o)
 *(.sdata2 .sdata2.* .gnu.linkonce.s2.*)
                0x0000000008001c10                . = ALIGN (0x4)
                0x0000000008001c10                _edata = ABSOLUTE (.)
                [!provide]                        PROVIDE (edata, ABSOLUTE (.))
                0x0000000008001c10                PROVIDE (__ram_rwdata_end, ABSOLUTE (.))
                0x0000000000046098                PROVIDE (__flash_rwdata_start, LOADADDR (.rwdata))

.bss            0x0000000008001c10      0x154 load address 0x0000000000047bf4
                0x0000000008001c10                __bss_start = ABSOLUTE (.)
                [!provide]                        PROVIDE (__sbss_start, ABSOLUTE (.))
                [!provide]                        PROVIDE (___sbss_start, ABSOLUTE (.))
 *(.dynsbss)
 *(.sbss .sbss.* .gnu.linkonce.sb.*)
 .sbss          0x0000000008001c10        0xc ../testWifiTouchVGA_bsp/\libhal_bsp.a(alt_main.o)
                0x0000000008001c10                alt_argc
                0x0000000008001c14                alt_argv
                0x0000000008001c18                alt_envp
 .sbss          0x0000000008001c1c        0x4 ../testWifiTouchVGA_bsp/\libhal_bsp.a(alt_irq_vars.o)
                0x0000000008001c1c                alt_irq_active
 .sbss          0x0000000008001c20        0x8 ../testWifiTouchVGA_bsp/\libhal_bsp.a(alt_tick.o)
                0x0000000008001c20                _alt_tick_rate
                0x0000000008001c24                _alt_nticks
 .sbss          0x0000000008001c28        0x4 ../testWifiTouchVGA_bsp/\libhal_bsp.a(alt_instruction_exception_entry.o)
                0x0000000008001c28                alt_instruction_exception_handler
 .sbss          0x0000000008001c2c        0x4 d:/programs/intelfpga_lite/18.1/nios2eds/bin/gnu/h-x86_64-mingw32/bin/../lib/gcc/nios2-elf/5.3.0/../../../../../H-x86_64-mingw32/nios2-elf/lib/mno-hw-mul\libc.a(lib_a-int_errno.o)
                0x0000000008001c2c                errno
 .sbss.__malloc_max_total_mem
                0x0000000008001c30        0x4 d:/programs/intelfpga_lite/18.1/nios2eds/bin/gnu/h-x86_64-mingw32/bin/../lib/gcc/nios2-elf/5.3.0/../../../../../H-x86_64-mingw32/nios2-elf/lib/mno-hw-mul\libc.a(lib_a-mallocr.o)
                0x0000000008001c30                __malloc_max_total_mem
 .sbss.__malloc_max_sbrked_mem
                0x0000000008001c34        0x4 d:/programs/intelfpga_lite/18.1/nios2eds/bin/gnu/h-x86_64-mingw32/bin/../lib/gcc/nios2-elf/5.3.0/../../../../../H-x86_64-mingw32/nios2-elf/lib/mno-hw-mul\libc.a(lib_a-mallocr.o)
                0x0000000008001c34                __malloc_max_sbrked_mem
 .sbss.__malloc_top_pad
                0x0000000008001c38        0x4 d:/programs/intelfpga_lite/18.1/nios2eds/bin/gnu/h-x86_64-mingw32/bin/../lib/gcc/nios2-elf/5.3.0/../../../../../H-x86_64-mingw32/nios2-elf/lib/mno-hw-mul\libc.a(lib_a-mallocr.o)
                0x0000000008001c38                __malloc_top_pad
 *(.sbss2 .sbss2.* .gnu.linkonce.sb2.*)
 *(.scommon)
                [!provide]                        PROVIDE (__sbss_end, ABSOLUTE (.))
                [!provide]                        PROVIDE (___sbss_end, ABSOLUTE (.))
 *(.dynbss)
 *(.bss .bss.* .gnu.linkonce.b.*)
 .bss           0x0000000008001c3c        0x0 ../testWifiTouchVGA_bsp//obj/HAL/src/crt0.o
 .bss           0x0000000008001c3c        0x0 obj/default/main.o
 .bss           0x0000000008001c3c        0x0 d:/programs/intelfpga_lite/18.1/nios2eds/bin/gnu/h-x86_64-mingw32/bin/../lib/gcc/nios2-elf/5.3.0/mno-hw-mul\libgcc.a(lib2-divmod.o)
 .bss           0x0000000008001c3c        0x0 d:/programs/intelfpga_lite/18.1/nios2eds/bin/gnu/h-x86_64-mingw32/bin/../lib/gcc/nios2-elf/5.3.0/mno-hw-mul\libgcc.a(lib2-mul.o)
 .bss           0x0000000008001c3c        0x0 ../testWifiTouchVGA_bsp/\libhal_bsp.a(alt_load.o)
 .bss           0x0000000008001c3c        0x0 ../testWifiTouchVGA_bsp/\libhal_bsp.a(alt_main.o)
 .bss           0x0000000008001c3c        0x0 ../testWifiTouchVGA_bsp/\libhal_bsp.a(alt_putstr.o)
 .bss           0x0000000008001c3c        0x0 ../testWifiTouchVGA_bsp/\libhal_bsp.a(alt_sys_init.o)
 .bss           0x0000000008001c3c        0x0 ../testWifiTouchVGA_bsp/\libhal_bsp.a(altera_avalon_jtag_uart_fd.o)
 .bss           0x0000000008001c3c        0x0 ../testWifiTouchVGA_bsp/\libhal_bsp.a(altera_avalon_jtag_uart_init.o)
 .bss           0x0000000008001c3c        0x0 ../testWifiTouchVGA_bsp/\libhal_bsp.a(altera_avalon_jtag_uart_ioctl.o)
 .bss           0x0000000008001c3c        0x0 ../testWifiTouchVGA_bsp/\libhal_bsp.a(altera_avalon_jtag_uart_read.o)
 .bss           0x0000000008001c3c        0x0 ../testWifiTouchVGA_bsp/\libhal_bsp.a(altera_avalon_jtag_uart_write.o)
 .bss           0x0000000008001c3c        0x0 ../testWifiTouchVGA_bsp/\libhal_bsp.a(altera_up_avalon_rs232.o)
 .bss           0x0000000008001c3c        0x0 ../testWifiTouchVGA_bsp/\libhal_bsp.a(alt_alarm_start.o)
 .bss           0x0000000008001c3c        0x0 ../testWifiTouchVGA_bsp/\libhal_bsp.a(alt_close.o)
 .bss           0x0000000008001c3c        0x0 ../testWifiTouchVGA_bsp/\libhal_bsp.a(alt_dcache_flush_all.o)
 .bss           0x0000000008001c3c        0x0 ../testWifiTouchVGA_bsp/\libhal_bsp.a(alt_dev.o)
 .bss           0x0000000008001c3c        0x0 ../testWifiTouchVGA_bsp/\libhal_bsp.a(alt_dev_llist_insert.o)
 .bss           0x0000000008001c3c        0x0 ../testWifiTouchVGA_bsp/\libhal_bsp.a(alt_do_ctors.o)
 .bss           0x0000000008001c3c        0x0 ../testWifiTouchVGA_bsp/\libhal_bsp.a(alt_do_dtors.o)
 .bss           0x0000000008001c3c        0x0 ../testWifiTouchVGA_bsp/\libhal_bsp.a(alt_errno.o)
 .bss           0x0000000008001c3c        0x0 ../testWifiTouchVGA_bsp/\libhal_bsp.a(alt_find_dev.o)
 .bss           0x0000000008001c3c        0x0 ../testWifiTouchVGA_bsp/\libhal_bsp.a(alt_icache_flush_all.o)
 .bss           0x0000000008001c3c        0x0 ../testWifiTouchVGA_bsp/\libhal_bsp.a(alt_io_redirect.o)
 .bss           0x0000000008001c3c        0x0 ../testWifiTouchVGA_bsp/\libhal_bsp.a(alt_irq_register.o)
 .bss           0x0000000008001c3c        0x0 ../testWifiTouchVGA_bsp/\libhal_bsp.a(alt_irq_vars.o)
 .bss           0x0000000008001c3c        0x0 ../testWifiTouchVGA_bsp/\libhal_bsp.a(alt_open.o)
 .bss           0x0000000008001c3c        0x0 ../testWifiTouchVGA_bsp/\libhal_bsp.a(alt_release_fd.o)
 .bss           0x0000000008001c3c        0x0 ../testWifiTouchVGA_bsp/\libhal_bsp.a(alt_tick.o)
 .bss           0x0000000008001c3c        0x0 ../testWifiTouchVGA_bsp/\libhal_bsp.a(altera_nios2_gen2_irq.o)
 .bss           0x0000000008001c3c        0x0 ../testWifiTouchVGA_bsp/\libhal_bsp.a(alt_find_file.o)
 .bss           0x0000000008001c3c        0x0 ../testWifiTouchVGA_bsp/\libhal_bsp.a(alt_get_fd.o)
 .bss           0x0000000008001c3c        0x0 ../testWifiTouchVGA_bsp/\libhal_bsp.a(alt_irq_entry.o)
 .bss           0x0000000008001c3c        0x0 ../testWifiTouchVGA_bsp/\libhal_bsp.a(alt_irq_handler.o)
 .bss           0x0000000008001c3c        0x0 ../testWifiTouchVGA_bsp/\libhal_bsp.a(alt_exception_entry.o)
 .bss           0x0000000008001c3c        0x0 ../testWifiTouchVGA_bsp/\libhal_bsp.a(alt_instruction_exception_entry.o)
 .bss           0x0000000008001c3c        0x0 d:/programs/intelfpga_lite/18.1/nios2eds/bin/gnu/h-x86_64-mingw32/bin/../lib/gcc/nios2-elf/5.3.0/../../../../../H-x86_64-mingw32/nios2-elf/lib/mno-hw-mul\libc.a(lib_a-atexit.o)
 .bss           0x0000000008001c3c        0x0 d:/programs/intelfpga_lite/18.1/nios2eds/bin/gnu/h-x86_64-mingw32/bin/../lib/gcc/nios2-elf/5.3.0/../../../../../H-x86_64-mingw32/nios2-elf/lib/mno-hw-mul\libc.a(lib_a-exit.o)
 .bss           0x0000000008001c3c        0x0 d:/programs/intelfpga_lite/18.1/nios2eds/bin/gnu/h-x86_64-mingw32/bin/../lib/gcc/nios2-elf/5.3.0/../../../../../H-x86_64-mingw32/nios2-elf/lib/mno-hw-mul\libc.a(lib_a-fputs.o)
 .bss           0x0000000008001c3c        0x0 d:/programs/intelfpga_lite/18.1/nios2eds/bin/gnu/h-x86_64-mingw32/bin/../lib/gcc/nios2-elf/5.3.0/../../../../../H-x86_64-mingw32/nios2-elf/lib/mno-hw-mul\libc.a(lib_a-fvwrite.o)
 .bss           0x0000000008001c3c        0x0 d:/programs/intelfpga_lite/18.1/nios2eds/bin/gnu/h-x86_64-mingw32/bin/../lib/gcc/nios2-elf/5.3.0/../../../../../H-x86_64-mingw32/nios2-elf/lib/mno-hw-mul\libc.a(lib_a-impure.o)
 .bss           0x0000000008001c3c        0x0 d:/programs/intelfpga_lite/18.1/nios2eds/bin/gnu/h-x86_64-mingw32/bin/../lib/gcc/nios2-elf/5.3.0/../../../../../H-x86_64-mingw32/nios2-elf/lib/mno-hw-mul\libc.a(lib_a-int_errno.o)
 .bss           0x0000000008001c3c        0x0 d:/programs/intelfpga_lite/18.1/nios2eds/bin/gnu/h-x86_64-mingw32/bin/../lib/gcc/nios2-elf/5.3.0/../../../../../H-x86_64-mingw32/nios2-elf/lib/mno-hw-mul\libc.a(lib_a-mallocr.o)
 .bss.__malloc_current_mallinfo
                0x0000000008001c3c       0x28 d:/programs/intelfpga_lite/18.1/nios2eds/bin/gnu/h-x86_64-mingw32/bin/../lib/gcc/nios2-elf/5.3.0/../../../../../H-x86_64-mingw32/nios2-elf/lib/mno-hw-mul\libc.a(lib_a-mallocr.o)
                0x0000000008001c3c                __malloc_current_mallinfo
 .bss           0x0000000008001c64        0x0 d:/programs/intelfpga_lite/18.1/nios2eds/bin/gnu/h-x86_64-mingw32/bin/../lib/gcc/nios2-elf/5.3.0/../../../../../H-x86_64-mingw32/nios2-elf/lib/mno-hw-mul\libc.a(lib_a-memchr.o)
 .bss           0x0000000008001c64        0x0 d:/programs/intelfpga_lite/18.1/nios2eds/bin/gnu/h-x86_64-mingw32/bin/../lib/gcc/nios2-elf/5.3.0/../../../../../H-x86_64-mingw32/nios2-elf/lib/mno-hw-mul\libc.a(lib_a-memcmp.o)
 .bss           0x0000000008001c64        0x0 d:/programs/intelfpga_lite/18.1/nios2eds/bin/gnu/h-x86_64-mingw32/bin/../lib/gcc/nios2-elf/5.3.0/../../../../../H-x86_64-mingw32/nios2-elf/lib/mno-hw-mul\libc.a(lib_a-memcpy.o)
 .bss           0x0000000008001c64        0x0 d:/programs/intelfpga_lite/18.1/nios2eds/bin/gnu/h-x86_64-mingw32/bin/../lib/gcc/nios2-elf/5.3.0/../../../../../H-x86_64-mingw32/nios2-elf/lib/mno-hw-mul\libc.a(lib_a-memmove.o)
 .bss           0x0000000008001c64        0x0 d:/programs/intelfpga_lite/18.1/nios2eds/bin/gnu/h-x86_64-mingw32/bin/../lib/gcc/nios2-elf/5.3.0/../../../../../H-x86_64-mingw32/nios2-elf/lib/mno-hw-mul\libc.a(lib_a-reallocr.o)
 .bss           0x0000000008001c64        0x0 d:/programs/intelfpga_lite/18.1/nios2eds/bin/gnu/h-x86_64-mingw32/bin/../lib/gcc/nios2-elf/5.3.0/../../../../../H-x86_64-mingw32/nios2-elf/lib/mno-hw-mul\libc.a(lib_a-sbrkr.o)
 .bss           0x0000000008001c64        0x0 d:/programs/intelfpga_lite/18.1/nios2eds/bin/gnu/h-x86_64-mingw32/bin/../lib/gcc/nios2-elf/5.3.0/../../../../../H-x86_64-mingw32/nios2-elf/lib/mno-hw-mul\libc.a(lib_a-strlen.o)
 .bss           0x0000000008001c64        0x0 d:/programs/intelfpga_lite/18.1/nios2eds/bin/gnu/h-x86_64-mingw32/bin/../lib/gcc/nios2-elf/5.3.0/../../../../../H-x86_64-mingw32/nios2-elf/lib/mno-hw-mul\libc.a(lib_a-wsetup.o)
 .bss           0x0000000008001c64        0x0 d:/programs/intelfpga_lite/18.1/nios2eds/bin/gnu/h-x86_64-mingw32/bin/../lib/gcc/nios2-elf/5.3.0/../../../../../H-x86_64-mingw32/nios2-elf/lib/mno-hw-mul\libc.a(lib_a-__atexit.o)
 .bss           0x0000000008001c64        0x0 d:/programs/intelfpga_lite/18.1/nios2eds/bin/gnu/h-x86_64-mingw32/bin/../lib/gcc/nios2-elf/5.3.0/../../../../../H-x86_64-mingw32/nios2-elf/lib/mno-hw-mul\libc.a(lib_a-__call_atexit.o)
 .bss           0x0000000008001c64        0x0 d:/programs/intelfpga_lite/18.1/nios2eds/bin/gnu/h-x86_64-mingw32/bin/../lib/gcc/nios2-elf/5.3.0/../../../../../H-x86_64-mingw32/nios2-elf/lib/mno-hw-mul\libc.a(lib_a-fflush.o)
 .bss           0x0000000008001c64        0x0 d:/programs/intelfpga_lite/18.1/nios2eds/bin/gnu/h-x86_64-mingw32/bin/../lib/gcc/nios2-elf/5.3.0/../../../../../H-x86_64-mingw32/nios2-elf/lib/mno-hw-mul\libc.a(lib_a-findfp.o)
 .bss           0x0000000008001c64        0x0 d:/programs/intelfpga_lite/18.1/nios2eds/bin/gnu/h-x86_64-mingw32/bin/../lib/gcc/nios2-elf/5.3.0/../../../../../H-x86_64-mingw32/nios2-elf/lib/mno-hw-mul\libc.a(lib_a-freer.o)
 .bss           0x0000000008001c64        0x0 d:/programs/intelfpga_lite/18.1/nios2eds/bin/gnu/h-x86_64-mingw32/bin/../lib/gcc/nios2-elf/5.3.0/../../../../../H-x86_64-mingw32/nios2-elf/lib/mno-hw-mul\libc.a(lib_a-fwalk.o)
 .bss           0x0000000008001c64        0x0 d:/programs/intelfpga_lite/18.1/nios2eds/bin/gnu/h-x86_64-mingw32/bin/../lib/gcc/nios2-elf/5.3.0/../../../../../H-x86_64-mingw32/nios2-elf/lib/mno-hw-mul\libc.a(lib_a-makebuf.o)
 .bss           0x0000000008001c64        0x0 d:/programs/intelfpga_lite/18.1/nios2eds/bin/gnu/h-x86_64-mingw32/bin/../lib/gcc/nios2-elf/5.3.0/../../../../../H-x86_64-mingw32/nios2-elf/lib/mno-hw-mul\libc.a(lib_a-memset.o)
 .bss           0x0000000008001c64        0x0 d:/programs/intelfpga_lite/18.1/nios2eds/bin/gnu/h-x86_64-mingw32/bin/../lib/gcc/nios2-elf/5.3.0/../../../../../H-x86_64-mingw32/nios2-elf/lib/mno-hw-mul\libc.a(lib_a-stdio.o)
 .bss           0x0000000008001c64        0x0 d:/programs/intelfpga_lite/18.1/nios2eds/bin/gnu/h-x86_64-mingw32/bin/../lib/gcc/nios2-elf/5.3.0/../../../../../H-x86_64-mingw32/nios2-elf/lib/mno-hw-mul\libc.a(lib_a-writer.o)
 .bss           0x0000000008001c64        0x0 d:/programs/intelfpga_lite/18.1/nios2eds/bin/gnu/h-x86_64-mingw32/bin/../lib/gcc/nios2-elf/5.3.0/../../../../../H-x86_64-mingw32/nios2-elf/lib/mno-hw-mul\libc.a(closer.o)
 .bss           0x0000000008001c64        0x0 d:/programs/intelfpga_lite/18.1/nios2eds/bin/gnu/h-x86_64-mingw32/bin/../lib/gcc/nios2-elf/5.3.0/../../../../../H-x86_64-mingw32/nios2-elf/lib/mno-hw-mul\libc.a(lib_a-fclose.o)
 .bss           0x0000000008001c64        0x0 d:/programs/intelfpga_lite/18.1/nios2eds/bin/gnu/h-x86_64-mingw32/bin/../lib/gcc/nios2-elf/5.3.0/../../../../../H-x86_64-mingw32/nios2-elf/lib/mno-hw-mul\libc.a(lib_a-fstatr.o)
 .bss           0x0000000008001c64        0x0 d:/programs/intelfpga_lite/18.1/nios2eds/bin/gnu/h-x86_64-mingw32/bin/../lib/gcc/nios2-elf/5.3.0/../../../../../H-x86_64-mingw32/nios2-elf/lib/mno-hw-mul\libc.a(lib_a-isattyr.o)
 .bss           0x0000000008001c64        0x0 d:/programs/intelfpga_lite/18.1/nios2eds/bin/gnu/h-x86_64-mingw32/bin/../lib/gcc/nios2-elf/5.3.0/../../../../../H-x86_64-mingw32/nios2-elf/lib/mno-hw-mul\libc.a(lib_a-lseekr.o)
 .bss           0x0000000008001c64        0x0 d:/programs/intelfpga_lite/18.1/nios2eds/bin/gnu/h-x86_64-mingw32/bin/../lib/gcc/nios2-elf/5.3.0/../../../../../H-x86_64-mingw32/nios2-elf/lib/mno-hw-mul\libc.a(lib_a-readr.o)
 .bss           0x0000000008001c64        0x0 ../testWifiTouchVGA_bsp/\libhal_bsp.a(alt_exit.o)
 .bss           0x0000000008001c64        0x0 ../testWifiTouchVGA_bsp/\libhal_bsp.a(alt_fstat.o)
 .bss           0x0000000008001c64        0x0 ../testWifiTouchVGA_bsp/\libhal_bsp.a(alt_isatty.o)
 .bss           0x0000000008001c64        0x0 ../testWifiTouchVGA_bsp/\libhal_bsp.a(alt_lseek.o)
 .bss           0x0000000008001c64        0x0 ../testWifiTouchVGA_bsp/\libhal_bsp.a(alt_malloc_lock.o)
 .bss           0x0000000008001c64        0x0 ../testWifiTouchVGA_bsp/\libhal_bsp.a(alt_read.o)
 .bss           0x0000000008001c64        0x0 ../testWifiTouchVGA_bsp/\libhal_bsp.a(alt_sbrk.o)
 .bss           0x0000000008001c64        0x0 ../testWifiTouchVGA_bsp/\libhal_bsp.a(alt_write.o)
 *(COMMON)
 COMMON         0x0000000008001c64      0x100 ../testWifiTouchVGA_bsp/\libhal_bsp.a(alt_irq_handler.o)
                0x0000000008001c64                alt_irq
                0x0000000008001d64                . = ALIGN (0x4)
                0x0000000008001d64                __bss_end = ABSOLUTE (.)

.onchip_memory2_0
                0x0000000000047bf4        0x0
                [!provide]                        PROVIDE (_alt_partition_onchip_memory2_0_start, ABSOLUTE (.))
 *(.onchip_memory2_0 .onchip_memory2_0. onchip_memory2_0.*)
                0x0000000000047bf4                . = ALIGN (0x4)
                [!provide]                        PROVIDE (_alt_partition_onchip_memory2_0_end, ABSOLUTE (.))
                [!provide]                        PROVIDE (_alt_partition_onchip_memory2_0_load_addr, LOADADDR (.onchip_memory2_0))

.sdram_controller
                0x0000000008001d64        0x0 load address 0x0000000000047bf4
                [!provide]                        PROVIDE (_alt_partition_sdram_controller_start, ABSOLUTE (.))
 *(.sdram_controller .sdram_controller. sdram_controller.*)
                0x0000000008001d64                . = ALIGN (0x4)
                [!provide]                        PROVIDE (_alt_partition_sdram_controller_end, ABSOLUTE (.))
                0x0000000008001d64                _end = ABSOLUTE (.)
                0x0000000008001d64                end = ABSOLUTE (.)
                0x0000000008001d64                __alt_stack_base = ABSOLUTE (.)
                [!provide]                        PROVIDE (_alt_partition_sdram_controller_load_addr, LOADADDR (.sdram_controller))

.stab
 *(.stab)

.stabstr
 *(.stabstr)

.stab.excl
 *(.stab.excl)

.stab.exclstr
 *(.stab.exclstr)

.stab.index
 *(.stab.index)

.stab.indexstr
 *(.stab.indexstr)

.comment        0x0000000000000000       0x23
 *(.comment)
 .comment       0x0000000000000000       0x23 obj/default/main.o
                                         0x24 (size before relaxing)
 .comment       0x0000000000000023       0x24 d:/programs/intelfpga_lite/18.1/nios2eds/bin/gnu/h-x86_64-mingw32/bin/../lib/gcc/nios2-elf/5.3.0/mno-hw-mul\libgcc.a(lib2-divmod.o)
 .comment       0x0000000000000023       0x24 d:/programs/intelfpga_lite/18.1/nios2eds/bin/gnu/h-x86_64-mingw32/bin/../lib/gcc/nios2-elf/5.3.0/mno-hw-mul\libgcc.a(lib2-mul.o)
 .comment       0x0000000000000023       0x24 ../testWifiTouchVGA_bsp/\libhal_bsp.a(alt_load.o)
 .comment       0x0000000000000023       0x24 ../testWifiTouchVGA_bsp/\libhal_bsp.a(alt_main.o)
 .comment       0x0000000000000023       0x24 ../testWifiTouchVGA_bsp/\libhal_bsp.a(alt_putstr.o)
 .comment       0x0000000000000023       0x24 ../testWifiTouchVGA_bsp/\libhal_bsp.a(alt_sys_init.o)
 .comment       0x0000000000000023       0x24 ../testWifiTouchVGA_bsp/\libhal_bsp.a(altera_avalon_jtag_uart_fd.o)
 .comment       0x0000000000000023       0x24 ../testWifiTouchVGA_bsp/\libhal_bsp.a(altera_avalon_jtag_uart_init.o)
 .comment       0x0000000000000023       0x24 ../testWifiTouchVGA_bsp/\libhal_bsp.a(altera_avalon_jtag_uart_ioctl.o)
 .comment       0x0000000000000023       0x24 ../testWifiTouchVGA_bsp/\libhal_bsp.a(altera_avalon_jtag_uart_read.o)
 .comment       0x0000000000000023       0x24 ../testWifiTouchVGA_bsp/\libhal_bsp.a(altera_avalon_jtag_uart_write.o)
 .comment       0x0000000000000023       0x24 ../testWifiTouchVGA_bsp/\libhal_bsp.a(altera_up_avalon_rs232.o)
 .comment       0x0000000000000023       0x24 ../testWifiTouchVGA_bsp/\libhal_bsp.a(alt_alarm_start.o)
 .comment       0x0000000000000023       0x24 ../testWifiTouchVGA_bsp/\libhal_bsp.a(alt_close.o)
 .comment       0x0000000000000023       0x24 ../testWifiTouchVGA_bsp/\libhal_bsp.a(alt_dcache_flush_all.o)
 .comment       0x0000000000000023       0x24 ../testWifiTouchVGA_bsp/\libhal_bsp.a(alt_dev.o)
 .comment       0x0000000000000023       0x24 ../testWifiTouchVGA_bsp/\libhal_bsp.a(alt_dev_llist_insert.o)
 .comment       0x0000000000000023       0x24 ../testWifiTouchVGA_bsp/\libhal_bsp.a(alt_do_ctors.o)
 .comment       0x0000000000000023       0x24 ../testWifiTouchVGA_bsp/\libhal_bsp.a(alt_do_dtors.o)
 .comment       0x0000000000000023       0x24 ../testWifiTouchVGA_bsp/\libhal_bsp.a(alt_errno.o)
 .comment       0x0000000000000023       0x24 ../testWifiTouchVGA_bsp/\libhal_bsp.a(alt_find_dev.o)
 .comment       0x0000000000000023       0x24 ../testWifiTouchVGA_bsp/\libhal_bsp.a(alt_icache_flush_all.o)
 .comment       0x0000000000000023       0x24 ../testWifiTouchVGA_bsp/\libhal_bsp.a(alt_io_redirect.o)
 .comment       0x0000000000000023       0x24 ../testWifiTouchVGA_bsp/\libhal_bsp.a(alt_irq_register.o)
 .comment       0x0000000000000023       0x24 ../testWifiTouchVGA_bsp/\libhal_bsp.a(alt_irq_vars.o)
 .comment       0x0000000000000023       0x24 ../testWifiTouchVGA_bsp/\libhal_bsp.a(alt_open.o)
 .comment       0x0000000000000023       0x24 ../testWifiTouchVGA_bsp/\libhal_bsp.a(alt_release_fd.o)
 .comment       0x0000000000000023       0x24 ../testWifiTouchVGA_bsp/\libhal_bsp.a(alt_tick.o)
 .comment       0x0000000000000023       0x24 ../testWifiTouchVGA_bsp/\libhal_bsp.a(altera_nios2_gen2_irq.o)
 .comment       0x0000000000000023       0x24 ../testWifiTouchVGA_bsp/\libhal_bsp.a(alt_find_file.o)
 .comment       0x0000000000000023       0x24 ../testWifiTouchVGA_bsp/\libhal_bsp.a(alt_get_fd.o)
 .comment       0x0000000000000023       0x24 ../testWifiTouchVGA_bsp/\libhal_bsp.a(alt_irq_handler.o)
 .comment       0x0000000000000023       0x24 ../testWifiTouchVGA_bsp/\libhal_bsp.a(alt_instruction_exception_entry.o)
 .comment       0x0000000000000023       0x24 d:/programs/intelfpga_lite/18.1/nios2eds/bin/gnu/h-x86_64-mingw32/bin/../lib/gcc/nios2-elf/5.3.0/../../../../../H-x86_64-mingw32/nios2-elf/lib/mno-hw-mul\libc.a(lib_a-atexit.o)
 .comment       0x0000000000000023       0x24 d:/programs/intelfpga_lite/18.1/nios2eds/bin/gnu/h-x86_64-mingw32/bin/../lib/gcc/nios2-elf/5.3.0/../../../../../H-x86_64-mingw32/nios2-elf/lib/mno-hw-mul\libc.a(lib_a-exit.o)
 .comment       0x0000000000000023       0x24 d:/programs/intelfpga_lite/18.1/nios2eds/bin/gnu/h-x86_64-mingw32/bin/../lib/gcc/nios2-elf/5.3.0/../../../../../H-x86_64-mingw32/nios2-elf/lib/mno-hw-mul\libc.a(lib_a-fputs.o)
 .comment       0x0000000000000023       0x24 d:/programs/intelfpga_lite/18.1/nios2eds/bin/gnu/h-x86_64-mingw32/bin/../lib/gcc/nios2-elf/5.3.0/../../../../../H-x86_64-mingw32/nios2-elf/lib/mno-hw-mul\libc.a(lib_a-fvwrite.o)
 .comment       0x0000000000000023       0x24 d:/programs/intelfpga_lite/18.1/nios2eds/bin/gnu/h-x86_64-mingw32/bin/../lib/gcc/nios2-elf/5.3.0/../../../../../H-x86_64-mingw32/nios2-elf/lib/mno-hw-mul\libc.a(lib_a-impure.o)
 .comment       0x0000000000000023       0x24 d:/programs/intelfpga_lite/18.1/nios2eds/bin/gnu/h-x86_64-mingw32/bin/../lib/gcc/nios2-elf/5.3.0/../../../../../H-x86_64-mingw32/nios2-elf/lib/mno-hw-mul\libc.a(lib_a-int_errno.o)
 .comment       0x0000000000000023       0x24 d:/programs/intelfpga_lite/18.1/nios2eds/bin/gnu/h-x86_64-mingw32/bin/../lib/gcc/nios2-elf/5.3.0/../../../../../H-x86_64-mingw32/nios2-elf/lib/mno-hw-mul\libc.a(lib_a-mallocr.o)
 .comment       0x0000000000000023       0x24 d:/programs/intelfpga_lite/18.1/nios2eds/bin/gnu/h-x86_64-mingw32/bin/../lib/gcc/nios2-elf/5.3.0/../../../../../H-x86_64-mingw32/nios2-elf/lib/mno-hw-mul\libc.a(lib_a-memchr.o)
 .comment       0x0000000000000023       0x24 d:/programs/intelfpga_lite/18.1/nios2eds/bin/gnu/h-x86_64-mingw32/bin/../lib/gcc/nios2-elf/5.3.0/../../../../../H-x86_64-mingw32/nios2-elf/lib/mno-hw-mul\libc.a(lib_a-memcmp.o)
 .comment       0x0000000000000023       0x24 d:/programs/intelfpga_lite/18.1/nios2eds/bin/gnu/h-x86_64-mingw32/bin/../lib/gcc/nios2-elf/5.3.0/../../../../../H-x86_64-mingw32/nios2-elf/lib/mno-hw-mul\libc.a(lib_a-memcpy.o)
 .comment       0x0000000000000023       0x24 d:/programs/intelfpga_lite/18.1/nios2eds/bin/gnu/h-x86_64-mingw32/bin/../lib/gcc/nios2-elf/5.3.0/../../../../../H-x86_64-mingw32/nios2-elf/lib/mno-hw-mul\libc.a(lib_a-memmove.o)
 .comment       0x0000000000000023       0x24 d:/programs/intelfpga_lite/18.1/nios2eds/bin/gnu/h-x86_64-mingw32/bin/../lib/gcc/nios2-elf/5.3.0/../../../../../H-x86_64-mingw32/nios2-elf/lib/mno-hw-mul\libc.a(lib_a-reallocr.o)
 .comment       0x0000000000000023       0x24 d:/programs/intelfpga_lite/18.1/nios2eds/bin/gnu/h-x86_64-mingw32/bin/../lib/gcc/nios2-elf/5.3.0/../../../../../H-x86_64-mingw32/nios2-elf/lib/mno-hw-mul\libc.a(lib_a-sbrkr.o)
 .comment       0x0000000000000023       0x24 d:/programs/intelfpga_lite/18.1/nios2eds/bin/gnu/h-x86_64-mingw32/bin/../lib/gcc/nios2-elf/5.3.0/../../../../../H-x86_64-mingw32/nios2-elf/lib/mno-hw-mul\libc.a(lib_a-strlen.o)
 .comment       0x0000000000000023       0x24 d:/programs/intelfpga_lite/18.1/nios2eds/bin/gnu/h-x86_64-mingw32/bin/../lib/gcc/nios2-elf/5.3.0/../../../../../H-x86_64-mingw32/nios2-elf/lib/mno-hw-mul\libc.a(lib_a-wsetup.o)
 .comment       0x0000000000000023       0x24 d:/programs/intelfpga_lite/18.1/nios2eds/bin/gnu/h-x86_64-mingw32/bin/../lib/gcc/nios2-elf/5.3.0/../../../../../H-x86_64-mingw32/nios2-elf/lib/mno-hw-mul\libc.a(lib_a-__atexit.o)
 .comment       0x0000000000000023       0x24 d:/programs/intelfpga_lite/18.1/nios2eds/bin/gnu/h-x86_64-mingw32/bin/../lib/gcc/nios2-elf/5.3.0/../../../../../H-x86_64-mingw32/nios2-elf/lib/mno-hw-mul\libc.a(lib_a-__call_atexit.o)
 .comment       0x0000000000000023       0x24 d:/programs/intelfpga_lite/18.1/nios2eds/bin/gnu/h-x86_64-mingw32/bin/../lib/gcc/nios2-elf/5.3.0/../../../../../H-x86_64-mingw32/nios2-elf/lib/mno-hw-mul\libc.a(lib_a-fflush.o)
 .comment       0x0000000000000023       0x24 d:/programs/intelfpga_lite/18.1/nios2eds/bin/gnu/h-x86_64-mingw32/bin/../lib/gcc/nios2-elf/5.3.0/../../../../../H-x86_64-mingw32/nios2-elf/lib/mno-hw-mul\libc.a(lib_a-findfp.o)
 .comment       0x0000000000000023       0x24 d:/programs/intelfpga_lite/18.1/nios2eds/bin/gnu/h-x86_64-mingw32/bin/../lib/gcc/nios2-elf/5.3.0/../../../../../H-x86_64-mingw32/nios2-elf/lib/mno-hw-mul\libc.a(lib_a-freer.o)
 .comment       0x0000000000000023       0x24 d:/programs/intelfpga_lite/18.1/nios2eds/bin/gnu/h-x86_64-mingw32/bin/../lib/gcc/nios2-elf/5.3.0/../../../../../H-x86_64-mingw32/nios2-elf/lib/mno-hw-mul\libc.a(lib_a-fwalk.o)
 .comment       0x0000000000000023       0x24 d:/programs/intelfpga_lite/18.1/nios2eds/bin/gnu/h-x86_64-mingw32/bin/../lib/gcc/nios2-elf/5.3.0/../../../../../H-x86_64-mingw32/nios2-elf/lib/mno-hw-mul\libc.a(lib_a-makebuf.o)
 .comment       0x0000000000000023       0x24 d:/programs/intelfpga_lite/18.1/nios2eds/bin/gnu/h-x86_64-mingw32/bin/../lib/gcc/nios2-elf/5.3.0/../../../../../H-x86_64-mingw32/nios2-elf/lib/mno-hw-mul\libc.a(lib_a-memset.o)
 .comment       0x0000000000000023       0x24 d:/programs/intelfpga_lite/18.1/nios2eds/bin/gnu/h-x86_64-mingw32/bin/../lib/gcc/nios2-elf/5.3.0/../../../../../H-x86_64-mingw32/nios2-elf/lib/mno-hw-mul\libc.a(lib_a-stdio.o)
 .comment       0x0000000000000023       0x24 d:/programs/intelfpga_lite/18.1/nios2eds/bin/gnu/h-x86_64-mingw32/bin/../lib/gcc/nios2-elf/5.3.0/../../../../../H-x86_64-mingw32/nios2-elf/lib/mno-hw-mul\libc.a(lib_a-writer.o)
 .comment       0x0000000000000023       0x24 d:/programs/intelfpga_lite/18.1/nios2eds/bin/gnu/h-x86_64-mingw32/bin/../lib/gcc/nios2-elf/5.3.0/../../../../../H-x86_64-mingw32/nios2-elf/lib/mno-hw-mul\libc.a(closer.o)
 .comment       0x0000000000000023       0x24 d:/programs/intelfpga_lite/18.1/nios2eds/bin/gnu/h-x86_64-mingw32/bin/../lib/gcc/nios2-elf/5.3.0/../../../../../H-x86_64-mingw32/nios2-elf/lib/mno-hw-mul\libc.a(lib_a-fclose.o)
 .comment       0x0000000000000023       0x24 d:/programs/intelfpga_lite/18.1/nios2eds/bin/gnu/h-x86_64-mingw32/bin/../lib/gcc/nios2-elf/5.3.0/../../../../../H-x86_64-mingw32/nios2-elf/lib/mno-hw-mul\libc.a(lib_a-fstatr.o)
 .comment       0x0000000000000023       0x24 d:/programs/intelfpga_lite/18.1/nios2eds/bin/gnu/h-x86_64-mingw32/bin/../lib/gcc/nios2-elf/5.3.0/../../../../../H-x86_64-mingw32/nios2-elf/lib/mno-hw-mul\libc.a(lib_a-isattyr.o)
 .comment       0x0000000000000023       0x24 d:/programs/intelfpga_lite/18.1/nios2eds/bin/gnu/h-x86_64-mingw32/bin/../lib/gcc/nios2-elf/5.3.0/../../../../../H-x86_64-mingw32/nios2-elf/lib/mno-hw-mul\libc.a(lib_a-lseekr.o)
 .comment       0x0000000000000023       0x24 d:/programs/intelfpga_lite/18.1/nios2eds/bin/gnu/h-x86_64-mingw32/bin/../lib/gcc/nios2-elf/5.3.0/../../../../../H-x86_64-mingw32/nios2-elf/lib/mno-hw-mul\libc.a(lib_a-readr.o)
 .comment       0x0000000000000023       0x24 ../testWifiTouchVGA_bsp/\libhal_bsp.a(alt_exit.o)
 .comment       0x0000000000000023       0x24 ../testWifiTouchVGA_bsp/\libhal_bsp.a(alt_fstat.o)
 .comment       0x0000000000000023       0x24 ../testWifiTouchVGA_bsp/\libhal_bsp.a(alt_isatty.o)
 .comment       0x0000000000000023       0x24 ../testWifiTouchVGA_bsp/\libhal_bsp.a(alt_lseek.o)
 .comment       0x0000000000000023       0x24 ../testWifiTouchVGA_bsp/\libhal_bsp.a(alt_malloc_lock.o)
 .comment       0x0000000000000023       0x24 ../testWifiTouchVGA_bsp/\libhal_bsp.a(alt_read.o)
 .comment       0x0000000000000023       0x24 ../testWifiTouchVGA_bsp/\libhal_bsp.a(alt_sbrk.o)
 .comment       0x0000000000000023       0x24 ../testWifiTouchVGA_bsp/\libhal_bsp.a(alt_write.o)

.debug
 *(.debug)

.line
 *(.line)

.debug_srcinfo
 *(.debug_srcinfo)

.debug_sfnames
 *(.debug_sfnames)

.debug_aranges  0x0000000000000000      0xa30
 *(.debug_aranges)
 .debug_aranges
                0x0000000000000000       0x28 ../testWifiTouchVGA_bsp//obj/HAL/src/crt0.o
 .debug_aranges
                0x0000000000000028       0x20 obj/default/main.o
 .debug_aranges
                0x0000000000000048       0x20 d:/programs/intelfpga_lite/18.1/nios2eds/bin/gnu/h-x86_64-mingw32/bin/../lib/gcc/nios2-elf/5.3.0/mno-hw-mul\libgcc.a(lib2-divmod.o)
 .debug_aranges
                0x0000000000000068       0x20 d:/programs/intelfpga_lite/18.1/nios2eds/bin/gnu/h-x86_64-mingw32/bin/../lib/gcc/nios2-elf/5.3.0/mno-hw-mul\libgcc.a(lib2-mul.o)
 .debug_aranges
                0x0000000000000088       0x20 ../testWifiTouchVGA_bsp/\libhal_bsp.a(alt_load.o)
 .debug_aranges
                0x00000000000000a8       0x20 ../testWifiTouchVGA_bsp/\libhal_bsp.a(alt_main.o)
 .debug_aranges
                0x00000000000000c8       0x20 ../testWifiTouchVGA_bsp/\libhal_bsp.a(alt_putstr.o)
 .debug_aranges
                0x00000000000000e8       0x20 ../testWifiTouchVGA_bsp/\libhal_bsp.a(alt_sys_init.o)
 .debug_aranges
                0x0000000000000108       0x20 ../testWifiTouchVGA_bsp/\libhal_bsp.a(altera_avalon_jtag_uart_fd.o)
 .debug_aranges
                0x0000000000000128       0x20 ../testWifiTouchVGA_bsp/\libhal_bsp.a(altera_avalon_jtag_uart_init.o)
 .debug_aranges
                0x0000000000000148       0x20 ../testWifiTouchVGA_bsp/\libhal_bsp.a(altera_avalon_jtag_uart_ioctl.o)
 .debug_aranges
                0x0000000000000168       0x20 ../testWifiTouchVGA_bsp/\libhal_bsp.a(altera_avalon_jtag_uart_read.o)
 .debug_aranges
                0x0000000000000188       0x20 ../testWifiTouchVGA_bsp/\libhal_bsp.a(altera_avalon_jtag_uart_write.o)
 .debug_aranges
                0x00000000000001a8       0x20 ../testWifiTouchVGA_bsp/\libhal_bsp.a(altera_up_avalon_rs232.o)
 .debug_aranges
                0x00000000000001c8       0x20 ../testWifiTouchVGA_bsp/\libhal_bsp.a(alt_alarm_start.o)
 .debug_aranges
                0x00000000000001e8       0x20 ../testWifiTouchVGA_bsp/\libhal_bsp.a(alt_close.o)
 .debug_aranges
                0x0000000000000208       0x20 ../testWifiTouchVGA_bsp/\libhal_bsp.a(alt_dcache_flush_all.o)
 .debug_aranges
                0x0000000000000228       0x20 ../testWifiTouchVGA_bsp/\libhal_bsp.a(alt_dev.o)
 .debug_aranges
                0x0000000000000248       0x20 ../testWifiTouchVGA_bsp/\libhal_bsp.a(alt_dev_llist_insert.o)
 .debug_aranges
                0x0000000000000268       0x20 ../testWifiTouchVGA_bsp/\libhal_bsp.a(alt_do_ctors.o)
 .debug_aranges
                0x0000000000000288       0x20 ../testWifiTouchVGA_bsp/\libhal_bsp.a(alt_do_dtors.o)
 .debug_aranges
                0x00000000000002a8       0x18 ../testWifiTouchVGA_bsp/\libhal_bsp.a(alt_errno.o)
 .debug_aranges
                0x00000000000002c0       0x20 ../testWifiTouchVGA_bsp/\libhal_bsp.a(alt_find_dev.o)
 .debug_aranges
                0x00000000000002e0       0x20 ../testWifiTouchVGA_bsp/\libhal_bsp.a(alt_icache_flush_all.o)
 .debug_aranges
                0x0000000000000300       0x20 ../testWifiTouchVGA_bsp/\libhal_bsp.a(alt_io_redirect.o)
 .debug_aranges
                0x0000000000000320       0x20 ../testWifiTouchVGA_bsp/\libhal_bsp.a(alt_irq_register.o)
 .debug_aranges
                0x0000000000000340       0x18 ../testWifiTouchVGA_bsp/\libhal_bsp.a(alt_irq_vars.o)
 .debug_aranges
                0x0000000000000358       0x20 ../testWifiTouchVGA_bsp/\libhal_bsp.a(alt_open.o)
 .debug_aranges
                0x0000000000000378       0x20 ../testWifiTouchVGA_bsp/\libhal_bsp.a(alt_release_fd.o)
 .debug_aranges
                0x0000000000000398       0x20 ../testWifiTouchVGA_bsp/\libhal_bsp.a(alt_tick.o)
 .debug_aranges
                0x00000000000003b8       0x20 ../testWifiTouchVGA_bsp/\libhal_bsp.a(altera_nios2_gen2_irq.o)
 .debug_aranges
                0x00000000000003d8       0x20 ../testWifiTouchVGA_bsp/\libhal_bsp.a(alt_find_file.o)
 .debug_aranges
                0x00000000000003f8       0x20 ../testWifiTouchVGA_bsp/\libhal_bsp.a(alt_get_fd.o)
 .debug_aranges
                0x0000000000000418       0x30 ../testWifiTouchVGA_bsp/\libhal_bsp.a(alt_irq_entry.o)
 .debug_aranges
                0x0000000000000448       0x20 ../testWifiTouchVGA_bsp/\libhal_bsp.a(alt_irq_handler.o)
 .debug_aranges
                0x0000000000000468       0x38 ../testWifiTouchVGA_bsp/\libhal_bsp.a(alt_exception_entry.o)
 .debug_aranges
                0x00000000000004a0       0x28 ../testWifiTouchVGA_bsp/\libhal_bsp.a(alt_instruction_exception_entry.o)
 .debug_aranges
                0x00000000000004c8       0x20 d:/programs/intelfpga_lite/18.1/nios2eds/bin/gnu/h-x86_64-mingw32/bin/../lib/gcc/nios2-elf/5.3.0/../../../../../H-x86_64-mingw32/nios2-elf/lib/mno-hw-mul\libc.a(lib_a-atexit.o)
 .debug_aranges
                0x00000000000004e8       0x20 d:/programs/intelfpga_lite/18.1/nios2eds/bin/gnu/h-x86_64-mingw32/bin/../lib/gcc/nios2-elf/5.3.0/../../../../../H-x86_64-mingw32/nios2-elf/lib/mno-hw-mul\libc.a(lib_a-exit.o)
 .debug_aranges
                0x0000000000000508       0x28 d:/programs/intelfpga_lite/18.1/nios2eds/bin/gnu/h-x86_64-mingw32/bin/../lib/gcc/nios2-elf/5.3.0/../../../../../H-x86_64-mingw32/nios2-elf/lib/mno-hw-mul\libc.a(lib_a-fputs.o)
 .debug_aranges
                0x0000000000000530       0x20 d:/programs/intelfpga_lite/18.1/nios2eds/bin/gnu/h-x86_64-mingw32/bin/../lib/gcc/nios2-elf/5.3.0/../../../../../H-x86_64-mingw32/nios2-elf/lib/mno-hw-mul\libc.a(lib_a-fvwrite.o)
 .debug_aranges
                0x0000000000000550       0x18 d:/programs/intelfpga_lite/18.1/nios2eds/bin/gnu/h-x86_64-mingw32/bin/../lib/gcc/nios2-elf/5.3.0/../../../../../H-x86_64-mingw32/nios2-elf/lib/mno-hw-mul\libc.a(lib_a-impure.o)
 .debug_aranges
                0x0000000000000568       0x18 d:/programs/intelfpga_lite/18.1/nios2eds/bin/gnu/h-x86_64-mingw32/bin/../lib/gcc/nios2-elf/5.3.0/../../../../../H-x86_64-mingw32/nios2-elf/lib/mno-hw-mul\libc.a(lib_a-int_errno.o)
 .debug_aranges
                0x0000000000000580       0x20 d:/programs/intelfpga_lite/18.1/nios2eds/bin/gnu/h-x86_64-mingw32/bin/../lib/gcc/nios2-elf/5.3.0/../../../../../H-x86_64-mingw32/nios2-elf/lib/mno-hw-mul\libc.a(lib_a-mallocr.o)
 .debug_aranges
                0x00000000000005a0       0x20 d:/programs/intelfpga_lite/18.1/nios2eds/bin/gnu/h-x86_64-mingw32/bin/../lib/gcc/nios2-elf/5.3.0/../../../../../H-x86_64-mingw32/nios2-elf/lib/mno-hw-mul\libc.a(lib_a-memchr.o)
 .debug_aranges
                0x00000000000005c0       0x20 d:/programs/intelfpga_lite/18.1/nios2eds/bin/gnu/h-x86_64-mingw32/bin/../lib/gcc/nios2-elf/5.3.0/../../../../../H-x86_64-mingw32/nios2-elf/lib/mno-hw-mul\libc.a(lib_a-memcmp.o)
 .debug_aranges
                0x00000000000005e0       0x20 d:/programs/intelfpga_lite/18.1/nios2eds/bin/gnu/h-x86_64-mingw32/bin/../lib/gcc/nios2-elf/5.3.0/../../../../../H-x86_64-mingw32/nios2-elf/lib/mno-hw-mul\libc.a(lib_a-memcpy.o)
 .debug_aranges
                0x0000000000000600       0x20 d:/programs/intelfpga_lite/18.1/nios2eds/bin/gnu/h-x86_64-mingw32/bin/../lib/gcc/nios2-elf/5.3.0/../../../../../H-x86_64-mingw32/nios2-elf/lib/mno-hw-mul\libc.a(lib_a-memmove.o)
 .debug_aranges
                0x0000000000000620       0x20 d:/programs/intelfpga_lite/18.1/nios2eds/bin/gnu/h-x86_64-mingw32/bin/../lib/gcc/nios2-elf/5.3.0/../../../../../H-x86_64-mingw32/nios2-elf/lib/mno-hw-mul\libc.a(lib_a-reallocr.o)
 .debug_aranges
                0x0000000000000640       0x20 d:/programs/intelfpga_lite/18.1/nios2eds/bin/gnu/h-x86_64-mingw32/bin/../lib/gcc/nios2-elf/5.3.0/../../../../../H-x86_64-mingw32/nios2-elf/lib/mno-hw-mul\libc.a(lib_a-sbrkr.o)
 .debug_aranges
                0x0000000000000660       0x20 d:/programs/intelfpga_lite/18.1/nios2eds/bin/gnu/h-x86_64-mingw32/bin/../lib/gcc/nios2-elf/5.3.0/../../../../../H-x86_64-mingw32/nios2-elf/lib/mno-hw-mul\libc.a(lib_a-strlen.o)
 .debug_aranges
                0x0000000000000680       0x20 d:/programs/intelfpga_lite/18.1/nios2eds/bin/gnu/h-x86_64-mingw32/bin/../lib/gcc/nios2-elf/5.3.0/../../../../../H-x86_64-mingw32/nios2-elf/lib/mno-hw-mul\libc.a(lib_a-wsetup.o)
 .debug_aranges
                0x00000000000006a0       0x20 d:/programs/intelfpga_lite/18.1/nios2eds/bin/gnu/h-x86_64-mingw32/bin/../lib/gcc/nios2-elf/5.3.0/../../../../../H-x86_64-mingw32/nios2-elf/lib/mno-hw-mul\libc.a(lib_a-__atexit.o)
 .debug_aranges
                0x00000000000006c0       0x20 d:/programs/intelfpga_lite/18.1/nios2eds/bin/gnu/h-x86_64-mingw32/bin/../lib/gcc/nios2-elf/5.3.0/../../../../../H-x86_64-mingw32/nios2-elf/lib/mno-hw-mul\libc.a(lib_a-__call_atexit.o)
 .debug_aranges
                0x00000000000006e0       0x30 d:/programs/intelfpga_lite/18.1/nios2eds/bin/gnu/h-x86_64-mingw32/bin/../lib/gcc/nios2-elf/5.3.0/../../../../../H-x86_64-mingw32/nios2-elf/lib/mno-hw-mul\libc.a(lib_a-fflush.o)
 .debug_aranges
                0x0000000000000710       0x68 d:/programs/intelfpga_lite/18.1/nios2eds/bin/gnu/h-x86_64-mingw32/bin/../lib/gcc/nios2-elf/5.3.0/../../../../../H-x86_64-mingw32/nios2-elf/lib/mno-hw-mul\libc.a(lib_a-findfp.o)
 .debug_aranges
                0x0000000000000778       0x28 d:/programs/intelfpga_lite/18.1/nios2eds/bin/gnu/h-x86_64-mingw32/bin/../lib/gcc/nios2-elf/5.3.0/../../../../../H-x86_64-mingw32/nios2-elf/lib/mno-hw-mul\libc.a(lib_a-freer.o)
 .debug_aranges
                0x00000000000007a0       0x28 d:/programs/intelfpga_lite/18.1/nios2eds/bin/gnu/h-x86_64-mingw32/bin/../lib/gcc/nios2-elf/5.3.0/../../../../../H-x86_64-mingw32/nios2-elf/lib/mno-hw-mul\libc.a(lib_a-fwalk.o)
 .debug_aranges
                0x00000000000007c8       0x20 d:/programs/intelfpga_lite/18.1/nios2eds/bin/gnu/h-x86_64-mingw32/bin/../lib/gcc/nios2-elf/5.3.0/../../../../../H-x86_64-mingw32/nios2-elf/lib/mno-hw-mul\libc.a(lib_a-makebuf.o)
 .debug_aranges