Archive member included to satisfy reference by file (symbol)

../camera_sys_bsp/\libhal_bsp.a(alt_load.o)
                              ../camera_sys_bsp//obj/HAL/src/crt0.o (alt_load)
../camera_sys_bsp/\libhal_bsp.a(alt_main.o)
                              ../camera_sys_bsp//obj/HAL/src/crt0.o (alt_main)
../camera_sys_bsp/\libhal_bsp.a(alt_printf.o)
                              obj/default/camera_pix_xfer.o (alt_printf)
../camera_sys_bsp/\libhal_bsp.a(alt_putchar.o)
                              ../camera_sys_bsp/\libhal_bsp.a(alt_printf.o) (alt_putchar)
../camera_sys_bsp/\libhal_bsp.a(alt_sys_init.o)
                              ../camera_sys_bsp/\libhal_bsp.a(alt_main.o) (alt_irq_init)
../camera_sys_bsp/\libhal_bsp.a(altera_avalon_jtag_uart_write.o)
                              ../camera_sys_bsp/\libhal_bsp.a(alt_putchar.o) (altera_avalon_jtag_uart_write)
../camera_sys_bsp/\libhal_bsp.a(alt_dcache_flush_all.o)
                              ../camera_sys_bsp/\libhal_bsp.a(alt_load.o) (alt_dcache_flush_all)
../camera_sys_bsp/\libhal_bsp.a(alt_icache_flush_all.o)
                              ../camera_sys_bsp/\libhal_bsp.a(alt_load.o) (alt_icache_flush_all)
../camera_sys_bsp/\libhal_bsp.a(altera_nios2_gen2_irq.o)
                              ../camera_sys_bsp/\libhal_bsp.a(alt_sys_init.o) (altera_nios2_gen2_irq_init)

Allocating common symbols
Common symbol       size              file

pixels              0xe100            obj/default/camera_pix_xfer.o
pixel_count         0x4               obj/default/camera_pix_xfer.o
col                 0x4               obj/default/camera_pix_xfer.o
curr_pixel_data     0x4               obj/default/camera_pix_xfer.o
row                 0x4               obj/default/camera_pix_xfer.o

Memory Configuration

Name             Origin             Length             Attributes
reset            0x0000000000080000 0x0000000000000020
onchip_memory2_0 0x0000000000080020 0x00000000000273e0
*default*        0x0000000000000000 0xffffffffffffffff

Linker script and memory map

LOAD ../camera_sys_bsp//obj/HAL/src/crt0.o
LOAD obj/default/camera_pix_xfer.o
LOAD c:/intelfpga_lite/18.1/nios2eds/bin/gnu/h-x86_64-mingw32/bin/../lib/gcc/nios2-elf/5.3.0/../../../../../H-x86_64-mingw32/nios2-elf/lib/mno-hw-mul\libstdc++.a
LOAD c:/intelfpga_lite/18.1/nios2eds/bin/gnu/h-x86_64-mingw32/bin/../lib/gcc/nios2-elf/5.3.0/../../../../../H-x86_64-mingw32/nios2-elf/lib/mno-hw-mul\libm.a
LOAD c:/intelfpga_lite/18.1/nios2eds/bin/gnu/h-x86_64-mingw32/bin/../lib/gcc/nios2-elf/5.3.0/mno-hw-mul\libgcc.a
START GROUP
LOAD c:/intelfpga_lite/18.1/nios2eds/bin/gnu/h-x86_64-mingw32/bin/../lib/gcc/nios2-elf/5.3.0/../../../../../H-x86_64-mingw32/nios2-elf/lib/mno-hw-mul\libsmallc.a
LOAD c:/intelfpga_lite/18.1/nios2eds/bin/gnu/h-x86_64-mingw32/bin/../lib/gcc/nios2-elf/5.3.0/mno-hw-mul\libgcc.a
LOAD ../camera_sys_bsp/\libhal_bsp.a
LOAD c:/intelfpga_lite/18.1/nios2eds/bin/gnu/h-x86_64-mingw32/bin/../lib/gcc/nios2-elf/5.3.0/../../../../../H-x86_64-mingw32/nios2-elf/lib/mno-hw-mul\libm.a
END GROUP
LOAD c:/intelfpga_lite/18.1/nios2eds/bin/gnu/h-x86_64-mingw32/bin/../lib/gcc/nios2-elf/5.3.0/mno-hw-mul\libgcc.a
                0x0000000000080000                __alt_mem_onchip_memory2_0 = 0x80000

.entry          0x0000000000080000       0x20
 *(.entry)
 .entry         0x0000000000080000       0x20 ../camera_sys_bsp//obj/HAL/src/crt0.o
                0x0000000000080000                __reset
                0x000000000008000c                _exit

.exceptions     0x0000000000080020        0x0
                0x0000000000080020                PROVIDE (__ram_exceptions_start, ABSOLUTE (.))
                0x0000000000080020                . = ALIGN (0x20)
 *(.irq)
 *(.exceptions.entry.label)
 *(.exceptions.entry.user)
 *(.exceptions.entry.ecc_fatal)
 *(.exceptions.entry)
 *(.exceptions.irqtest.user)
 *(.exceptions.irqtest)
 *(.exceptions.irqhandler.user)
 *(.exceptions.irqhandler)
 *(.exceptions.irqreturn.user)
 *(.exceptions.irqreturn)
 *(.exceptions.notirq.label)
 *(.exceptions.notirq.user)
 *(.exceptions.notirq)
 *(.exceptions.soft.user)
 *(.exceptions.soft)
 *(.exceptions.unknown.user)
 *(.exceptions.unknown)
 *(.exceptions.exit.label)
 *(.exceptions.exit.user)
 *(.exceptions.exit)
 *(.exceptions)
                0x0000000000080020                PROVIDE (__ram_exceptions_end, ABSOLUTE (.))
                0x0000000000080020                PROVIDE (__flash_exceptions_start, LOADADDR (.exceptions))

.text           0x0000000000080020      0x44c
                [!provide]                        PROVIDE (stext, ABSOLUTE (.))
 *(.interp)
 *(.hash)
 *(.dynsym)
 *(.dynstr)
 *(.gnu.version)
 *(.gnu.version_d)
 *(.gnu.version_r)
 *(.rel.init)
 *(.rela.init)
 *(.rel.text .rel.text.* .rel.gnu.linkonce.t.*)
 *(.rela.text .rela.text.* .rela.gnu.linkonce.t.*)
 *(.rel.fini)
 *(.rela.fini)
 *(.rel.rodata .rel.rodata.* .rel.gnu.linkonce.r.*)
 *(.rela.rodata .rela.rodata.* .rela.gnu.linkonce.r.*)
 *(.rel.data .rel.data.* .rel.gnu.linkonce.d.*)
 *(.rela.data .rela.data.* .rela.gnu.linkonce.d.*)
 *(.rel.tdata .rel.tdata.* .rel.gnu.linkonce.td.*)
 *(.rela.tdata .rela.tdata.* .rela.gnu.linkonce.td.*)
 *(.rel.tbss .rel.tbss.* .rel.gnu.linkonce.tb.*)
 *(.rela.tbss .rela.tbss.* .rela.gnu.linkonce.tb.*)
 *(.rel.ctors)
 *(.rela.ctors)
 *(.rel.dtors)
 *(.rela.dtors)
 *(.rel.got)
 *(.rela.got)
 *(.rel.sdata .rel.sdata.* .rel.gnu.linkonce.s.*)
 *(.rela.sdata .rela.sdata.* .rela.gnu.linkonce.s.*)
 *(.rel.sbss .rel.sbss.* .rel.gnu.linkonce.sb.*)
 *(.rela.sbss .rela.sbss.* .rela.gnu.linkonce.sb.*)
 *(.rel.sdata2 .rel.sdata2.* .rel.gnu.linkonce.s2.*)
 *(.rela.sdata2 .rela.sdata2.* .rela.gnu.linkonce.s2.*)
 *(.rel.sbss2 .rel.sbss2.* .rel.gnu.linkonce.sb2.*)
 *(.rela.sbss2 .rela.sbss2.* .rela.gnu.linkonce.sb2.*)
 *(.rel.bss .rel.bss.* .rel.gnu.linkonce.b.*)
 *(.rela.bss .rela.bss.* .rela.gnu.linkonce.b.*)
 *(.rel.plt)
 *(.rela.plt)
 *(.rel.dyn)
 *(.init)
 *(.plt)
 *(.text .stub .text.* .gnu.linkonce.t.*)
 .text          0x0000000000080020       0x3c ../camera_sys_bsp//obj/HAL/src/crt0.o
                0x0000000000080020                _start
 .text          0x000000000008005c        0x0 obj/default/camera_pix_xfer.o
 .text.startup  0x000000000008005c       0xe4 obj/default/camera_pix_xfer.o
                0x000000000008005c                main
 .text          0x0000000000080140       0xe0 ../camera_sys_bsp/\libhal_bsp.a(alt_load.o)
                0x0000000000080140                alt_load
 .text          0x0000000000080220       0x2c ../camera_sys_bsp/\libhal_bsp.a(alt_main.o)
                0x0000000000080220                alt_main
 .text          0x000000000008024c      0x170 ../camera_sys_bsp/\libhal_bsp.a(alt_printf.o)
                0x000000000008024c                alt_printf
 .text          0x00000000000803bc       0x48 ../camera_sys_bsp/\libhal_bsp.a(alt_putchar.o)
                0x00000000000803bc                alt_putchar
 .text          0x0000000000080404       0x24 ../camera_sys_bsp/\libhal_bsp.a(alt_sys_init.o)
                0x0000000000080404                alt_irq_init
                0x0000000000080424                alt_sys_init
 .text          0x0000000000080428       0x34 ../camera_sys_bsp/\libhal_bsp.a(altera_avalon_jtag_uart_write.o)
                0x0000000000080428                altera_avalon_jtag_uart_write
 .text          0x000000000008045c        0x4 ../camera_sys_bsp/\libhal_bsp.a(alt_dcache_flush_all.o)
                0x000000000008045c                alt_dcache_flush_all
 .text          0x0000000000080460        0x4 ../camera_sys_bsp/\libhal_bsp.a(alt_icache_flush_all.o)
                0x0000000000080460                alt_icache_flush_all
 .text          0x0000000000080464        0x8 ../camera_sys_bsp/\libhal_bsp.a(altera_nios2_gen2_irq.o)
                0x0000000000080464                altera_nios2_gen2_irq_init
 *(.gnu.warning.*)
 *(.fini)
                [!provide]                        PROVIDE (__etext, ABSOLUTE (.))
                [!provide]                        PROVIDE (_etext, ABSOLUTE (.))
                [!provide]                        PROVIDE (etext, ABSOLUTE (.))
 *(.eh_frame_hdr)
                0x000000000008046c                . = ALIGN (0x4)
                [!provide]                        PROVIDE (__preinit_array_start, ABSOLUTE (.))
 *(.preinit_array)
                [!provide]                        PROVIDE (__preinit_array_end, ABSOLUTE (.))
                [!provide]                        PROVIDE (__init_array_start, ABSOLUTE (.))
 *(.init_array)
                [!provide]                        PROVIDE (__init_array_end, ABSOLUTE (.))
                [!provide]                        PROVIDE (__fini_array_start, ABSOLUTE (.))
 *(.fini_array)
                [!provide]                        PROVIDE (__fini_array_end, ABSOLUTE (.))
 *(.eh_frame)
 *(.gcc_except_table .gcc_except_table.*)
 *(.dynamic)
                [!provide]                        PROVIDE (__CTOR_LIST__, ABSOLUTE (.))
 *(.ctors)
 *(SORT(.ctors.*))
                [!provide]                        PROVIDE (__CTOR_END__, ABSOLUTE (.))
                [!provide]                        PROVIDE (__DTOR_LIST__, ABSOLUTE (.))
 *(.dtors)
 *(SORT(.dtors.*))
                [!provide]                        PROVIDE (__DTOR_END__, ABSOLUTE (.))
 *(.jcr)
                0x000000000008046c                . = ALIGN (0x4)

.rodata         0x000000000008046c       0x18
                0x000000000008046c                PROVIDE (__ram_rodata_start, ABSOLUTE (.))
                0x000000000008046c                . = ALIGN (0x4)
 *(.rodata .rodata.* .gnu.linkonce.r.*)
 .rodata.str1.4
                0x000000000008046c       0x18 obj/default/camera_pix_xfer.o
                                         0x16 (size before relaxing)
 *(.rodata1)
                0x0000000000080484                . = ALIGN (0x4)
                0x0000000000080484                PROVIDE (__ram_rodata_end, ABSOLUTE (.))
                0x000000000008046c                PROVIDE (__flash_rodata_start, LOADADDR (.rodata))

.rwdata         0x0000000000080484        0x4 load address 0x0000000000080488
                0x0000000000080484                PROVIDE (__ram_rwdata_start, ABSOLUTE (.))
                0x0000000000080484                . = ALIGN (0x4)
 *(.got.plt)
 *(.got)
 *(.data1)
 *(.data .data.* .gnu.linkonce.d.*)
 .data          0x0000000000080484        0x0 ../camera_sys_bsp//obj/HAL/src/crt0.o
 .data          0x0000000000080484        0x0 obj/default/camera_pix_xfer.o
 .data          0x0000000000080484        0x0 ../camera_sys_bsp/\libhal_bsp.a(alt_load.o)
 .data          0x0000000000080484        0x0 ../camera_sys_bsp/\libhal_bsp.a(alt_main.o)
 .data          0x0000000000080484        0x0 ../camera_sys_bsp/\libhal_bsp.a(alt_printf.o)
 .data          0x0000000000080484        0x0 ../camera_sys_bsp/\libhal_bsp.a(alt_putchar.o)
 .data          0x0000000000080484        0x0 ../camera_sys_bsp/\libhal_bsp.a(alt_sys_init.o)
 .data          0x0000000000080484        0x0 ../camera_sys_bsp/\libhal_bsp.a(altera_avalon_jtag_uart_write.o)
 .data          0x0000000000080484        0x0 ../camera_sys_bsp/\libhal_bsp.a(alt_dcache_flush_all.o)
 .data          0x0000000000080484        0x0 ../camera_sys_bsp/\libhal_bsp.a(alt_icache_flush_all.o)
 .data          0x0000000000080484        0x0 ../camera_sys_bsp/\libhal_bsp.a(altera_nios2_gen2_irq.o)
                0x0000000000088484                _gp = ABSOLUTE ((. + 0x8000))
                [!provide]                        PROVIDE (gp, _gp)
 *(.rwdata .rwdata.*)
 *(.sdata .sdata.* .gnu.linkonce.s.*)
 .sdata         0x0000000000080484        0x4 ../camera_sys_bsp/\libhal_bsp.a(alt_sys_init.o)
                0x0000000000080484                jtag_uart_0
 *(.sdata2 .sdata2.* .gnu.linkonce.s2.*)
                0x0000000000080488                . = ALIGN (0x4)
                0x0000000000080488                _edata = ABSOLUTE (.)
                [!provide]                        PROVIDE (edata, ABSOLUTE (.))
                0x0000000000080488                PROVIDE (__ram_rwdata_end, ABSOLUTE (.))
                0x0000000000080488                PROVIDE (__flash_rwdata_start, LOADADDR (.rwdata))

.bss            0x000000000008048c     0xe11c
                0x000000000008048c                __bss_start = ABSOLUTE (.)
                [!provide]                        PROVIDE (__sbss_start, ABSOLUTE (.))
                [!provide]                        PROVIDE (___sbss_start, ABSOLUTE (.))
 *(.dynsbss)
 *(.sbss .sbss.* .gnu.linkonce.sb.*)
 .sbss          0x000000000008048c       0x10 obj/default/camera_pix_xfer.o
                0x000000000008048c                pixel_count
                0x0000000000080490                col
                0x0000000000080494                curr_pixel_data
                0x0000000000080498                row
 .sbss          0x000000000008049c        0xc ../camera_sys_bsp/\libhal_bsp.a(alt_main.o)
                0x000000000008049c                alt_envp
                0x00000000000804a0                alt_argv
                0x00000000000804a4                alt_argc
 *(.sbss2 .sbss2.* .gnu.linkonce.sb2.*)
 *(.scommon)
                [!provide]                        PROVIDE (__sbss_end, ABSOLUTE (.))
                [!provide]                        PROVIDE (___sbss_end, ABSOLUTE (.))
 *(.dynbss)
 *(.bss .bss.* .gnu.linkonce.b.*)
 .bss           0x00000000000804a8        0x0 ../camera_sys_bsp//obj/HAL/src/crt0.o
 .bss           0x00000000000804a8        0x0 obj/default/camera_pix_xfer.o
 .bss           0x00000000000804a8        0x0 ../camera_sys_bsp/\libhal_bsp.a(alt_load.o)
 .bss           0x00000000000804a8        0x0 ../camera_sys_bsp/\libhal_bsp.a(alt_main.o)
 .bss           0x00000000000804a8        0x0 ../camera_sys_bsp/\libhal_bsp.a(alt_printf.o)
 .bss           0x00000000000804a8        0x0 ../camera_sys_bsp/\libhal_bsp.a(alt_putchar.o)
 .bss           0x00000000000804a8        0x0 ../camera_sys_bsp/\libhal_bsp.a(alt_sys_init.o)
 .bss           0x00000000000804a8        0x0 ../camera_sys_bsp/\libhal_bsp.a(altera_avalon_jtag_uart_write.o)
 .bss           0x00000000000804a8        0x0 ../camera_sys_bsp/\libhal_bsp.a(alt_dcache_flush_all.o)
 .bss           0x00000000000804a8        0x0 ../camera_sys_bsp/\libhal_bsp.a(alt_icache_flush_all.o)
 .bss           0x00000000000804a8        0x0 ../camera_sys_bsp/\libhal_bsp.a(altera_nios2_gen2_irq.o)
 *(COMMON)
 COMMON         0x00000000000804a8     0xe100 obj/default/camera_pix_xfer.o
                0x00000000000804a8                pixels
                0x000000000008e5a8                . = ALIGN (0x4)
                0x000000000008e5a8                __bss_end = ABSOLUTE (.)

.onchip_memory2_0
                0x000000000008e5a8        0x0
                [!provide]                        PROVIDE (_alt_partition_onchip_memory2_0_start, ABSOLUTE (.))
 *(.onchip_memory2_0 .onchip_memory2_0. onchip_memory2_0.*)
                0x000000000008e5a8                . = ALIGN (0x4)
                [!provide]                        PROVIDE (_alt_partition_onchip_memory2_0_end, ABSOLUTE (.))
                0x000000000008e5a8                _end = ABSOLUTE (.)
                0x000000000008e5a8                end = ABSOLUTE (.)
                0x000000000008e5a8                __alt_stack_base = ABSOLUTE (.)
                [!provide]                        PROVIDE (_alt_partition_onchip_memory2_0_load_addr, LOADADDR (.onchip_memory2_0))

.stab
 *(.stab)

.stabstr
 *(.stabstr)

.stab.excl
 *(.stab.excl)

.stab.exclstr
 *(.stab.exclstr)

.stab.index
 *(.stab.index)

.stab.indexstr
 *(.stab.indexstr)

.comment        0x0000000000000000       0x23
 *(.comment)
 .comment       0x0000000000000000       0x23 obj/default/camera_pix_xfer.o
                                         0x24 (size before relaxing)
 .comment       0x0000000000000023       0x24 ../camera_sys_bsp/\libhal_bsp.a(alt_load.o)
 .comment       0x0000000000000023       0x24 ../camera_sys_bsp/\libhal_bsp.a(alt_main.o)
 .comment       0x0000000000000023       0x24 ../camera_sys_bsp/\libhal_bsp.a(alt_printf.o)
 .comment       0x0000000000000023       0x24 ../camera_sys_bsp/\libhal_bsp.a(alt_putchar.o)
 .comment       0x0000000000000023       0x24 ../camera_sys_bsp/\libhal_bsp.a(alt_sys_init.o)
 .comment       0x0000000000000023       0x24 ../camera_sys_bsp/\libhal_bsp.a(altera_avalon_jtag_uart_write.o)
 .comment       0x0000000000000023       0x24 ../camera_sys_bsp/\libhal_bsp.a(alt_dcache_flush_all.o)
 .comment       0x0000000000000023       0x24 ../camera_sys_bsp/\libhal_bsp.a(alt_icache_flush_all.o)
 .comment       0x0000000000000023       0x24 ../camera_sys_bsp/\libhal_bsp.a(altera_nios2_gen2_irq.o)

.debug
 *(.debug)

.line
 *(.line)

.debug_srcinfo
 *(.debug_srcinfo)

.debug_sfnames
 *(.debug_sfnames)

.debug_aranges  0x0000000000000000      0x168
 *(.debug_aranges)
 .debug_aranges
                0x0000000000000000       0x28 ../camera_sys_bsp//obj/HAL/src/crt0.o
 .debug_aranges
                0x0000000000000028       0x20 obj/default/camera_pix_xfer.o
 .debug_aranges
                0x0000000000000048       0x20 ../camera_sys_bsp/\libhal_bsp.a(alt_load.o)
 .debug_aranges
                0x0000000000000068       0x20 ../camera_sys_bsp/\libhal_bsp.a(alt_main.o)
 .debug_aranges
                0x0000000000000088       0x20 ../camera_sys_bsp/\libhal_bsp.a(alt_printf.o)
 .debug_aranges
                0x00000000000000a8       0x20 ../camera_sys_bsp/\libhal_bsp.a(alt_putchar.o)
 .debug_aranges
                0x00000000000000c8       0x20 ../camera_sys_bsp/\libhal_bsp.a(alt_sys_init.o)
 .debug_aranges
                0x00000000000000e8       0x20 ../camera_sys_bsp/\libhal_bsp.a(altera_avalon_jtag_uart_write.o)
 .debug_aranges
                0x0000000000000108       0x20 ../camera_sys_bsp/\libhal_bsp.a(alt_dcache_flush_all.o)
 .debug_aranges
                0x0000000000000128       0x20 ../camera_sys_bsp/\libhal_bsp.a(alt_icache_flush_all.o)
 .debug_aranges
                0x0000000000000148       0x20 ../camera_sys_bsp/\libhal_bsp.a(altera_nios2_gen2_irq.o)

.debug_pubnames
 *(.debug_pubnames)

.debug_info     0x0000000000000000      0xcc5
 *(.debug_info .gnu.linkonce.wi.*)
 .debug_info    0x0000000000000000       0x9b ../camera_sys_bsp//obj/HAL/src/crt0.o
 .debug_info    0x000000000000009b      0x1af obj/default/camera_pix_xfer.o
 .debug_info    0x000000000000024a      0x1c9 ../camera_sys_bsp/\libhal_bsp.a(alt_load.o)
 .debug_info    0x0000000000000413      0x169 ../camera_sys_bsp/\libhal_bsp.a(alt_main.o)
 .debug_info    0x000000000000057c      0x14d ../camera_sys_bsp/\libhal_bsp.a(alt_printf.o)
 .debug_info    0x00000000000006c9      0x12a ../camera_sys_bsp/\libhal_bsp.a(alt_putchar.o)
 .debug_info    0x00000000000007f3      0x185 ../camera_sys_bsp/\libhal_bsp.a(alt_sys_init.o)
 .debug_info    0x0000000000000978      0x197 ../camera_sys_bsp/\libhal_bsp.a(altera_avalon_jtag_uart_write.o)
 .debug_info    0x0000000000000b0f       0x92 ../camera_sys_bsp/\libhal_bsp.a(alt_dcache_flush_all.o)
 .debug_info    0x0000000000000ba1       0x92 ../camera_sys_bsp/\libhal_bsp.a(alt_icache_flush_all.o)
 .debug_info    0x0000000000000c33       0x92 ../camera_sys_bsp/\libhal_bsp.a(altera_nios2_gen2_irq.o)

.debug_abbrev   0x0000000000000000      0x6fe
 *(.debug_abbrev)
 .debug_abbrev  0x0000000000000000       0x12 ../camera_sys_bsp//obj/HAL/src/crt0.o
 .debug_abbrev  0x0000000000000012       0xdd obj/default/camera_pix_xfer.o
 .debug_abbrev  0x00000000000000ef       0xd8 ../camera_sys_bsp/\libhal_bsp.a(alt_load.o)
 .debug_abbrev  0x00000000000001c7       0xee ../camera_sys_bsp/\libhal_bsp.a(alt_main.o)
 .debug_abbrev  0x00000000000002b5       0xd5 ../camera_sys_bsp/\libhal_bsp.a(alt_printf.o)
 .debug_abbrev  0x000000000000038a       0xd2 ../camera_sys_bsp/\libhal_bsp.a(alt_putchar.o)
 .debug_abbrev  0x000000000000045c      0x107 ../camera_sys_bsp/\libhal_bsp.a(alt_sys_init.o)
 .debug_abbrev  0x0000000000000563       0xd5 ../camera_sys_bsp/\libhal_bsp.a(altera_avalon_jtag_uart_write.o)
 .debug_abbrev  0x0000000000000638       0x42 ../camera_sys_bsp/\libhal_bsp.a(alt_dcache_flush_all.o)
 .debug_abbrev  0x000000000000067a       0x42 ../camera_sys_bsp/\libhal_bsp.a(alt_icache_flush_all.o)
 .debug_abbrev  0x00000000000006bc       0x42 ../camera_sys_bsp/\libhal_bsp.a(altera_nios2_gen2_irq.o)

.debug_line     0x0000000000000000      0x6a6
 *(.debug_line)
 .debug_line    0x0000000000000000       0x66 ../camera_sys_bsp//obj/HAL/src/crt0.o
 .debug_line    0x0000000000000066       0x9b obj/default/camera_pix_xfer.o
 .debug_line    0x0000000000000101       0xa4 ../camera_sys_bsp/\libhal_bsp.a(alt_load.o)
 .debug_line    0x00000000000001a5       0xbd ../camera_sys_bsp/\libhal_bsp.a(alt_main.o)
 .debug_line    0x0000000000000262      0x112 ../camera_sys_bsp/\libhal_bsp.a(alt_printf.o)
 .debug_line    0x0000000000000374       0x55 ../camera_sys_bsp/\libhal_bsp.a(alt_putchar.o)
 .debug_line    0x00000000000003c9      0x101 ../camera_sys_bsp/\libhal_bsp.a(alt_sys_init.o)
 .debug_line    0x00000000000004ca       0xf0 ../camera_sys_bsp/\libhal_bsp.a(altera_avalon_jtag_uart_write.o)
 .debug_line    0x00000000000005ba       0x4e ../camera_sys_bsp/\libhal_bsp.a(alt_dcache_flush_all.o)
 .debug_line    0x0000000000000608       0x4e ../camera_sys_bsp/\libhal_bsp.a(alt_icache_flush_all.o)
 .debug_line    0x0000000000000656       0x50 ../camera_sys_bsp/\libhal_bsp.a(altera_nios2_gen2_irq.o)

.debug_frame    0x0000000000000000      0x1d0
 *(.debug_frame)
 .debug_frame   0x0000000000000000       0x34 obj/default/camera_pix_xfer.o
 .debug_frame   0x0000000000000034       0x30 ../camera_sys_bsp/\libhal_bsp.a(alt_load.o)
 .debug_frame   0x0000000000000064       0x2c ../camera_sys_bsp/\libhal_bsp.a(alt_main.o)
 .debug_frame   0x0000000000000090       0x54 ../camera_sys_bsp/\libhal_bsp.a(alt_printf.o)
 .debug_frame   0x00000000000000e4       0x30 ../camera_sys_bsp/\libhal_bsp.a(alt_putchar.o)
 .debug_frame   0x0000000000000114       0x3c ../camera_sys_bsp/\libhal_bsp.a(alt_sys_init.o)
 .debug_frame   0x0000000000000150       0x20 ../camera_sys_bsp/\libhal_bsp.a(altera_avalon_jtag_uart_write.o)
 .debug_frame   0x0000000000000170       0x20 ../camera_sys_bsp/\libhal_bsp.a(alt_dcache_flush_all.o)
 .debug_frame   0x0000000000000190       0x20 ../camera_sys_bsp/\libhal_bsp.a(alt_icache_flush_all.o)
 .debug_frame   0x00000000000001b0       0x20 ../camera_sys_bsp/\libhal_bsp.a(altera_nios2_gen2_irq.o)

.debug_str      0x0000000000000000      0x575
 *(.debug_str)
 .debug_str     0x0000000000000000      0x18e obj/default/camera_pix_xfer.o
                                        0x1cc (size before relaxing)
 .debug_str     0x000000000000018e      0x182 ../camera_sys_bsp/\libhal_bsp.a(alt_load.o)
                                        0x269 (size before relaxing)
 .debug_str     0x0000000000000310       0x8f ../camera_sys_bsp/\libhal_bsp.a(alt_main.o)
                                        0x1e2 (size before relaxing)
 .debug_str     0x000000000000039f       0x59 ../camera_sys_bsp/\libhal_bsp.a(alt_printf.o)
                                        0x133 (size before relaxing)
 .debug_str     0x00000000000003f8       0x60 ../camera_sys_bsp/\libhal_bsp.a(alt_putchar.o)
                                        0x1ba (size before relaxing)
 .debug_str     0x0000000000000458       0x86 ../camera_sys_bsp/\libhal_bsp.a(alt_sys_init.o)
                                        0x253 (size before relaxing)
 .debug_str     0x00000000000004de       0x39 ../camera_sys_bsp/\libhal_bsp.a(altera_avalon_jtag_uart_write.o)
                                        0x242 (size before relaxing)
 .debug_str     0x0000000000000517       0x1f ../camera_sys_bsp/\libhal_bsp.a(alt_dcache_flush_all.o)
                                        0x182 (size before relaxing)
 .debug_str     0x0000000000000536       0x1f ../camera_sys_bsp/\libhal_bsp.a(alt_icache_flush_all.o)
                                        0x182 (size before relaxing)
 .debug_str     0x0000000000000555       0x20 ../camera_sys_bsp/\libhal_bsp.a(altera_nios2_gen2_irq.o)
                                        0x189 (size before relaxing)

.debug_loc      0x0000000000000000      0x2dd
 *(.debug_loc)
 .debug_loc     0x0000000000000000       0x27 obj/default/camera_pix_xfer.o
 .debug_loc     0x0000000000000027      0x1de ../camera_sys_bsp/\libhal_bsp.a(alt_printf.o)
 .debug_loc     0x0000000000000205       0x2c ../camera_sys_bsp/\libhal_bsp.a(alt_putchar.o)
 .debug_loc     0x0000000000000231       0x21 ../camera_sys_bsp/\libhal_bsp.a(alt_sys_init.o)
 .debug_loc     0x0000000000000252       0x8b ../camera_sys_bsp/\libhal_bsp.a(altera_avalon_jtag_uart_write.o)

.debug_macinfo
 *(.debug_macinfo)

.debug_weaknames
 *(.debug_weaknames)

.debug_funcnames
 *(.debug_funcnames)

.debug_typenames
 *(.debug_typenames)

.debug_varnames
 *(.debug_varnames)

.debug_alt_sim_info
                0x0000000000000000       0x10
 *(.debug_alt_sim_info)
 .debug_alt_sim_info
                0x0000000000000000       0x10 ../camera_sys_bsp//obj/HAL/src/crt0.o
                0x00000000000a7400                __alt_data_end = 0xa7400
                0x00000000000a7400                PROVIDE (__alt_stack_pointer, __alt_data_end)
                [!provide]                        PROVIDE (__alt_stack_limit, __alt_stack_base)
                [!provide]                        PROVIDE (__alt_heap_start, end)
                [!provide]                        PROVIDE (__alt_heap_limit, 0xa7400)
OUTPUT(camera_sys.elf elf32-littlenios2)

.debug_ranges   0x0000000000000000       0x90
 .debug_ranges  0x0000000000000000       0x20 ../camera_sys_bsp//obj/HAL/src/crt0.o
 .debug_ranges  0x0000000000000020       0x10 obj/default/camera_pix_xfer.o
 .debug_ranges  0x0000000000000030       0x48 ../camera_sys_bsp/\libhal_bsp.a(alt_load.o)
 .debug_ranges  0x0000000000000078       0x18 ../camera_sys_bsp/\libhal_bsp.a(alt_printf.o)
