Archive member included to satisfy reference by file (symbol)

c:/intelfpga_lite/18.1/nios2eds/bin/gnu/h-x86_64-mingw32/bin/../lib/gcc/nios2-elf/5.3.0/mno-hw-mul\libgcc.a(lib2-mul.o)
                              obj/default/camera_pix_xfer.o (__mulsi3)
../camera_sys_bsp/\libhal_bsp.a(alt_load.o)
                              ../camera_sys_bsp//obj/HAL/src/crt0.o (alt_load)
../camera_sys_bsp/\libhal_bsp.a(alt_main.o)
                              ../camera_sys_bsp//obj/HAL/src/crt0.o (alt_main)
../camera_sys_bsp/\libhal_bsp.a(alt_printf.o)
                              obj/default/camera_pix_xfer.o (alt_printf)
../camera_sys_bsp/\libhal_bsp.a(alt_putchar.o)
                              ../camera_sys_bsp/\libhal_bsp.a(alt_printf.o) (alt_putchar)
../camera_sys_bsp/\libhal_bsp.a(alt_sys_init.o)
                              ../camera_sys_bsp/\libhal_bsp.a(alt_main.o) (alt_irq_init)
../camera_sys_bsp/\libhal_bsp.a(altera_avalon_jtag_uart_write.o)
                              ../camera_sys_bsp/\libhal_bsp.a(alt_putchar.o) (altera_avalon_jtag_uart_write)
../camera_sys_bsp/\libhal_bsp.a(alt_dcache_flush_all.o)
                              ../camera_sys_bsp/\libhal_bsp.a(alt_load.o) (alt_dcache_flush_all)
../camera_sys_bsp/\libhal_bsp.a(alt_icache_flush_all.o)
                              ../camera_sys_bsp/\libhal_bsp.a(alt_load.o) (alt_icache_flush_all)
../camera_sys_bsp/\libhal_bsp.a(altera_nios2_gen2_irq.o)
                              ../camera_sys_bsp/\libhal_bsp.a(alt_sys_init.o) (altera_nios2_gen2_irq_init)

Allocating common symbols
Common symbol       size              file

pixels              0xe100            obj/default/camera_pix_xfer.o
pixel_count         0x4               obj/default/camera_pix_xfer.o
col                 0x4               obj/default/camera_pix_xfer.o
curr_pixel_data     0x4               obj/default/camera_pix_xfer.o
row                 0x4               obj/default/camera_pix_xfer.o

Memory Configuration

Name             Origin             Length             Attributes
reset            0x0000000000080000 0x0000000000000020
onchip_memory2_0 0x0000000000080020 0x00000000000273e0
*default*        0x0000000000000000 0xffffffffffffffff

Linker script and memory map

LOAD ../camera_sys_bsp//obj/HAL/src/crt0.o
LOAD obj/default/camera_pix_xfer.o
LOAD c:/intelfpga_lite/18.1/nios2eds/bin/gnu/h-x86_64-mingw32/bin/../lib/gcc/nios2-elf/5.3.0/../../../../../H-x86_64-mingw32/nios2-elf/lib/mno-hw-mul\libstdc++.a
LOAD c:/intelfpga_lite/18.1/nios2eds/bin/gnu/h-x86_64-mingw32/bin/../lib/gcc/nios2-elf/5.3.0/../../../../../H-x86_64-mingw32/nios2-elf/lib/mno-hw-mul\libm.a
LOAD c:/intelfpga_lite/18.1/nios2eds/bin/gnu/h-x86_64-mingw32/bin/../lib/gcc/nios2-elf/5.3.0/mno-hw-mul\libgcc.a
START GROUP
LOAD c:/intelfpga_lite/18.1/nios2eds/bin/gnu/h-x86_64-mingw32/bin/../lib/gcc/nios2-elf/5.3.0/../../../../../H-x86_64-mingw32/nios2-elf/lib/mno-hw-mul\libsmallc.a
LOAD c:/intelfpga_lite/18.1/nios2eds/bin/gnu/h-x86_64-mingw32/bin/../lib/gcc/nios2-elf/5.3.0/mno-hw-mul\libgcc.a
LOAD ../camera_sys_bsp/\libhal_bsp.a
LOAD c:/intelfpga_lite/18.1/nios2eds/bin/gnu/h-x86_64-mingw32/bin/../lib/gcc/nios2-elf/5.3.0/../../../../../H-x86_64-mingw32/nios2-elf/lib/mno-hw-mul\libm.a
END GROUP
LOAD c:/intelfpga_lite/18.1/nios2eds/bin/gnu/h-x86_64-mingw32/bin/../lib/gcc/nios2-elf/5.3.0/mno-hw-mul\libgcc.a
                0x0000000000080000                __alt_mem_onchip_memory2_0 = 0x80000

.entry          0x0000000000080000       0x20
 *(.entry)
 .entry         0x0000000000080000       0x20 ../camera_sys_bsp//obj/HAL/src/crt0.o
                0x0000000000080000                __reset
                0x000000000008000c                _exit

.exceptions     0x0000000000080020        0x0
                0x0000000000080020                PROVIDE (__ram_exceptions_start, ABSOLUTE (.))
                0x0000000000080020                . = ALIGN (0x20)
 *(.irq)
 *(.exceptions.entry.label)
 *(.exceptions.entry.user)
 *(.exceptions.entry.ecc_fatal)
 *(.exceptions.entry)
 *(.exceptions.irqtest.user)
 *(.exceptions.irqtest)
 *(.exceptions.irqhandler.user)
 *(.exceptions.irqhandler)
 *(.exceptions.irqreturn.user)
 *(.exceptions.irqreturn)
 *(.exceptions.notirq.label)
 *(.exceptions.notirq.user)
 *(.exceptions.notirq)
 *(.exceptions.soft.user)
 *(.exceptions.soft)
 *(.exceptions.unknown.user)
 *(.exceptions.unknown)
 *(.exceptions.exit.label)
 *(.exceptions.exit.user)
 *(.exceptions.exit)
 *(.exceptions)
                0x0000000000080020                PROVIDE (__ram_exceptions_end, ABSOLUTE (.))
                0x0000000000080020                PROVIDE (__flash_exceptions_start, LOADADDR (.exceptions))

.text           0x0000000000080020      0x508
                [!provide]                        PROVIDE (stext, ABSOLUTE (.))
 *(.interp)
 *(.hash)
 *(.dynsym)
 *(.dynstr)
 *(.gnu.version)
 *(.gnu.version_d)
 *(.gnu.version_r)
 *(.rel.init)
 *(.rela.init)
 *(.rel.text .rel.text.* .rel.gnu.linkonce.t.*)
 *(.rela.text .rela.text.* .rela.gnu.linkonce.t.*)
 *(.rel.fini)
 *(.rela.fini)
 *(.rel.rodata .rel.rodata.* .rel.gnu.linkonce.r.*)
 *(.rela.rodata .rela.rodata.* .rela.gnu.linkonce.r.*)
 *(.rel.data .rel.data.* .rel.gnu.linkonce.d.*)
 *(.rela.data .rela.data.* .rela.gnu.linkonce.d.*)
 *(.rel.tdata .rel.tdata.* .rel.gnu.linkonce.td.*)
 *(.rela.tdata .rela.tdata.* .rela.gnu.linkonce.td.*)
 *(.rel.tbss .rel.tbss.* .rel.gnu.linkonce.tb.*)
 *(.rela.tbss .rela.tbss.* .rela.gnu.linkonce.tb.*)
 *(.rel.ctors)
 *(.rela.ctors)
 *(.rel.dtors)
 *(.rela.dtors)
 *(.rel.got)
 *(.rela.got)
 *(.rel.sdata .rel.sdata.* .rel.gnu.linkonce.s.*)
 *(.rela.sdata .rela.sdata.* .rela.gnu.linkonce.s.*)
 *(.rel.sbss .rel.sbss.* .rel.gnu.linkonce.sb.*)
 *(.rela.sbss .rela.sbss.* .rela.gnu.linkonce.sb.*)
 *(.rel.sdata2 .rel.sdata2.* .rel.gnu.linkonce.s2.*)
 *(.rela.sdata2 .rela.sdata2.* .rela.gnu.linkonce.s2.*)
 *(.rel.sbss2 .rel.sbss2.* .rel.gnu.linkonce.sb2.*)
 *(.rela.sbss2 .rela.sbss2.* .rela.gnu.linkonce.sb2.*)
 *(.rel.bss .rel.bss.* .rel.gnu.linkonce.b.*)
 *(.rela.bss .rela.bss.* .rela.gnu.linkonce.b.*)
 *(.rel.plt)
 *(.rela.plt)
 *(.rel.dyn)
 *(.init)
 *(.plt)
 *(.text .stub .text.* .gnu.linkonce.t.*)
 .text          0x0000000000080020       0x3c ../camera_sys_bsp//obj/HAL/src/crt0.o
                0x0000000000080020                _start
 .text          0x000000000008005c        0x0 obj/default/camera_pix_xfer.o
 .text.startup  0x000000000008005c      0x178 obj/default/camera_pix_xfer.o
                0x000000000008005c                main
 .text          0x00000000000801d4       0x28 c:/intelfpga_lite/18.1/nios2eds/bin/gnu/h-x86_64-mingw32/bin/../lib/gcc/nios2-elf/5.3.0/mno-hw-mul\libgcc.a(lib2-mul.o)
                0x00000000000801d4                __mulsi3
 .text          0x00000000000801fc       0xe0 ../camera_sys_bsp/\libhal_bsp.a(alt_load.o)
                0x00000000000801fc                alt_load
 .text          0x00000000000802dc       0x2c ../camera_sys_bsp/\libhal_bsp.a(alt_main.o)
                0x00000000000802dc                alt_main
 .text          0x0000000000080308      0x170 ../camera_sys_bsp/\libhal_bsp.a(alt_printf.o)
                0x0000000000080308                alt_printf
 .text          0x0000000000080478       0x48 ../camera_sys_bsp/\libhal_bsp.a(alt_putchar.o)
                0x0000000000080478                alt_putchar
 .text          0x00000000000804c0       0x24 ../camera_sys_bsp/\libhal_bsp.a(alt_sys_init.o)
                0x00000000000804c0                alt_irq_init
                0x00000000000804e0                alt_sys_init
 .text          0x00000000000804e4       0x34 ../camera_sys_bsp/\libhal_bsp.a(altera_avalon_jtag_uart_write.o)
                0x00000000000804e4                altera_avalon_jtag_uart_write
 .text          0x0000000000080518        0x4 ../camera_sys_bsp/\libhal_bsp.a(alt_dcache_flush_all.o)
                0x0000000000080518                alt_dcache_flush_all
 .text          0x000000000008051c        0x4 ../camera_sys_bsp/\libhal_bsp.a(alt_icache_flush_all.o)
                0x000000000008051c                alt_icache_flush_all
 .text          0x0000000000080520        0x8 ../camera_sys_bsp/\libhal_bsp.a(altera_nios2_gen2_irq.o)
                0x0000000000080520                altera_nios2_gen2_irq_init
 *(.gnu.warning.*)
 *(.fini)
                [!provide]                        PROVIDE (__etext, ABSOLUTE (.))
                [!provide]                        PROVIDE (_etext, ABSOLUTE (.))
                [!provide]                        PROVIDE (etext, ABSOLUTE (.))
 *(.eh_frame_hdr)
                0x0000000000080528                . = ALIGN (0x4)
                [!provide]                        PROVIDE (__preinit_array_start, ABSOLUTE (.))
 *(.preinit_array)
                [!provide]                        PROVIDE (__preinit_array_end, ABSOLUTE (.))
                [!provide]                        PROVIDE (__init_array_start, ABSOLUTE (.))
 *(.init_array)
                [!provide]                        PROVIDE (__init_array_end, ABSOLUTE (.))
                [!provide]                        PROVIDE (__fini_array_start, ABSOLUTE (.))
 *(.fini_array)
                [!provide]                        PROVIDE (__fini_array_end, ABSOLUTE (.))
 *(.eh_frame)
 *(.gcc_except_table .gcc_except_table.*)
 *(.dynamic)
                [!provide]                        PROVIDE (__CTOR_LIST__, ABSOLUTE (.))
 *(.ctors)
 *(SORT(.ctors.*))
                [!provide]                        PROVIDE (__CTOR_END__, ABSOLUTE (.))
                [!provide]                        PROVIDE (__DTOR_LIST__, ABSOLUTE (.))
 *(.dtors)
 *(SORT(.dtors.*))
                [!provide]                        PROVIDE (__DTOR_END__, ABSOLUTE (.))
 *(.jcr)
                0x0000000000080528                . = ALIGN (0x4)

.rodata         0x0000000000080528       0x34
                0x0000000000080528                PROVIDE (__ram_rodata_start, ABSOLUTE (.))
                0x0000000000080528                . = ALIGN (0x4)
 *(.rodata .rodata.* .gnu.linkonce.r.*)
 .rodata.str1.4
                0x0000000000080528       0x34 obj/default/camera_pix_xfer.o
                                         0x32 (size before relaxing)
 *(.rodata1)
                0x000000000008055c                . = ALIGN (0x4)
                0x000000000008055c                PROVIDE (__ram_rodata_end, ABSOLUTE (.))
                0x0000000000080528                PROVIDE (__flash_rodata_start, LOADADDR (.rodata))

.rwdata         0x000000000008055c        0x4 load address 0x0000000000080560
                0x000000000008055c                PROVIDE (__ram_rwdata_start, ABSOLUTE (.))
                0x000000000008055c                . = ALIGN (0x4)
 *(.got.plt)
 *(.got)
 *(.data1)
 *(.data .data.* .gnu.linkonce.d.*)
 .data          0x000000000008055c        0x0 ../camera_sys_bsp//obj/HAL/src/crt0.o
 .data          0x000000000008055c        0x0 obj/default/camera_pix_xfer.o
 .data          0x000000000008055c        0x0 c:/intelfpga_lite/18.1/nios2eds/bin/gnu/h-x86_64-mingw32/bin/../lib/gcc/nios2-elf/5.3.0/mno-hw-mul\libgcc.a(lib2-mul.o)
 .data          0x000000000008055c        0x0 ../camera_sys_bsp/\libhal_bsp.a(alt_load.o)
 .data          0x000000000008055c        0x0 ../camera_sys_bsp/\libhal_bsp.a(alt_main.o)
 .data          0x000000000008055c        0x0 ../camera_sys_bsp/\libhal_bsp.a(alt_printf.o)
 .data          0x000000000008055c        0x0 ../camera_sys_bsp/\libhal_bsp.a(alt_putchar.o)
 .data          0x000000000008055c        0x0 ../camera_sys_bsp/\libhal_bsp.a(alt_sys_init.o)
 .data          0x000000000008055c        0x0 ../camera_sys_bsp/\libhal_bsp.a(altera_avalon_jtag_uart_write.o)
 .data          0x000000000008055c        0x0 ../camera_sys_bsp/\libhal_bsp.a(alt_dcache_flush_all.o)
 .data          0x000000000008055c        0x0 ../camera_sys_bsp/\libhal_bsp.a(alt_icache_flush_all.o)
 .data          0x000000000008055c        0x0 ../camera_sys_bsp/\libhal_bsp.a(altera_nios2_gen2_irq.o)
                0x000000000008855c                _gp = ABSOLUTE ((. + 0x8000))
                [!provide]                        PROVIDE (gp, _gp)
 *(.rwdata .rwdata.*)
 *(.sdata .sdata.* .gnu.linkonce.s.*)
 .sdata         0x000000000008055c        0x4 ../camera_sys_bsp/\libhal_bsp.a(alt_sys_init.o)
                0x000000000008055c                jtag_uart_0
 *(.sdata2 .sdata2.* .gnu.linkonce.s2.*)
                0x0000000000080560                . = ALIGN (0x4)
                0x0000000000080560                _edata = ABSOLUTE (.)
                [!provide]                        PROVIDE (edata, ABSOLUTE (.))
                0x0000000000080560                PROVIDE (__ram_rwdata_end, ABSOLUTE (.))
                0x0000000000080560                PROVIDE (__flash_rwdata_start, LOADADDR (.rwdata))

.bss            0x0000000000080564     0xe11c
                0x0000000000080564                __bss_start = ABSOLUTE (.)
                [!provide]                        PROVIDE (__sbss_start, ABSOLUTE (.))
                [!provide]                        PROVIDE (___sbss_start, ABSOLUTE (.))
 *(.dynsbss)
 *(.sbss .sbss.* .gnu.linkonce.sb.*)
 .sbss          0x0000000000080564       0x10 obj/default/camera_pix_xfer.o
                0x0000000000080564                pixel_count
                0x0000000000080568                col
                0x000000000008056c                curr_pixel_data
                0x0000000000080570                row
 .sbss          0x0000000000080574        0xc ../camera_sys_bsp/\libhal_bsp.a(alt_main.o)
                0x0000000000080574                alt_envp
                0x0000000000080578                alt_argv
                0x000000000008057c                alt_argc
 *(.sbss2 .sbss2.* .gnu.linkonce.sb2.*)
 *(.scommon)
                [!provide]                        PROVIDE (__sbss_end, ABSOLUTE (.))
                [!provide]                        PROVIDE (___sbss_end, ABSOLUTE (.))
 *(.dynbss)
 *(.bss .bss.* .gnu.linkonce.b.*)
 .bss           0x0000000000080580        0x0 ../camera_sys_bsp//obj/HAL/src/crt0.o
 .bss           0x0000000000080580        0x0 obj/default/camera_pix_xfer.o
 .bss           0x0000000000080580        0x0 c:/intelfpga_lite/18.1/nios2eds/bin/gnu/h-x86_64-mingw32/bin/../lib/gcc/nios2-elf/5.3.0/mno-hw-mul\libgcc.a(lib2-mul.o)
 .bss           0x0000000000080580        0x0 ../camera_sys_bsp/\libhal_bsp.a(alt_load.o)
 .bss           0x0000000000080580        0x0 ../camera_sys_bsp/\libhal_bsp.a(alt_main.o)
 .bss           0x0000000000080580        0x0 ../camera_sys_bsp/\libhal_bsp.a(alt_printf.o)
 .bss           0x0000000000080580        0x0 ../camera_sys_bsp/\libhal_bsp.a(alt_putchar.o)
 .bss           0x0000000000080580        0x0 ../camera_sys_bsp/\libhal_bsp.a(alt_sys_init.o)
 .bss           0x0000000000080580        0x0 ../camera_sys_bsp/\libhal_bsp.a(altera_avalon_jtag_uart_write.o)
 .bss           0x0000000000080580        0x0 ../camera_sys_bsp/\libhal_bsp.a(alt_dcache_flush_all.o)
 .bss           0x0000000000080580        0x0 ../camera_sys_bsp/\libhal_bsp.a(alt_icache_flush_all.o)
 .bss           0x0000000000080580        0x0 ../camera_sys_bsp/\libhal_bsp.a(altera_nios2_gen2_irq.o)
 *(COMMON)
 COMMON         0x0000000000080580     0xe100 obj/default/camera_pix_xfer.o
                0x0000000000080580                pixels
                0x000000000008e680                . = ALIGN (0x4)
                0x000000000008e680                __bss_end = ABSOLUTE (.)

.onchip_memory2_0
                0x000000000008e680        0x0
                [!provide]                        PROVIDE (_alt_partition_onchip_memory2_0_start, ABSOLUTE (.))
 *(.onchip_memory2_0 .onchip_memory2_0. onchip_memory2_0.*)
                0x000000000008e680                . = ALIGN (0x4)
                [!provide]                        PROVIDE (_alt_partition_onchip_memory2_0_end, ABSOLUTE (.))
                0x000000000008e680                _end = ABSOLUTE (.)
                0x000000000008e680                end = ABSOLUTE (.)
                0x000000000008e680                __alt_stack_base = ABSOLUTE (.)
                [!provide]                        PROVIDE (_alt_partition_onchip_memory2_0_load_addr, LOADADDR (.onchip_memory2_0))

.stab
 *(.stab)

.stabstr
 *(.stabstr)

.stab.excl
 *(.stab.excl)

.stab.exclstr
 *(.stab.exclstr)

.stab.index
 *(.stab.index)

.stab.indexstr
 *(.stab.indexstr)

.comment        0x0000000000000000       0x23
 *(.comment)
 .comment       0x0000000000000000       0x23 obj/default/camera_pix_xfer.o
                                         0x24 (size before relaxing)
 .comment       0x0000000000000023       0x24 c:/intelfpga_lite/18.1/nios2eds/bin/gnu/h-x86_64-mingw32/bin/../lib/gcc/nios2-elf/5.3.0/mno-hw-mul\libgcc.a(lib2-mul.o)
 .comment       0x0000000000000023       0x24 ../camera_sys_bsp/\libhal_bsp.a(alt_load.o)
 .comment       0x0000000000000023       0x24 ../camera_sys_bsp/\libhal_bsp.a(alt_main.o)
 .comment       0x0000000000000023       0x24 ../camera_sys_bsp/\libhal_bsp.a(alt_printf.o)
 .comment       0x0000000000000023       0x24 ../camera_sys_bsp/\libhal_bsp.a(alt_putchar.o)
 .comment       0x0000000000000023       0x24 ../camera_sys_bsp/\libhal_bsp.a(alt_sys_init.o)
 .comment       0x0000000000000023       0x24 ../camera_sys_bsp/\libhal_bsp.a(altera_avalon_jtag_uart_write.o)
 .comment       0x0000000000000023       0x24 ../camera_sys_bsp/\libhal_bsp.a(alt_dcache_flush_all.o)
 .comment       0x0000000000000023       0x24 ../camera_sys_bsp/\libhal_bsp.a(alt_icache_flush_all.o)
 .comment       0x0000000000000023       0x24 ../camera_sys_bsp/\libhal_bsp.a(altera_nios2_gen2_irq.o)

.debug
 *(.debug)

.line
 *(.line)

.debug_srcinfo
 *(.debug_srcinfo)

.debug_sfnames
 *(.debug_sfnames)

.debug_aranges  0x0000000000000000      0x188
 *(.debug_aranges)
 .debug_aranges
                0x0000000000000000       0x28 ../camera_sys_bsp//obj/HAL/src/crt0.o
 .debug_aranges
                0x0000000000000028       0x20 obj/default/camera_pix_xfer.o
 .debug_aranges
                0x0000000000000048       0x20 c:/intelfpga_lite/18.1/nios2eds/bin/gnu/h-x86_64-mingw32/bin/../lib/gcc/nios2-elf/5.3.0/mno-hw-mul\libgcc.a(lib2-mul.o)
 .debug_aranges
                0x0000000000000068       0x20 ../camera_sys_bsp/\libhal_bsp.a(alt_load.o)
 .debug_aranges
                0x0000000000000088       0x20 ../camera_sys_bsp/\libhal_bsp.a(alt_main.o)
 .debug_aranges
                0x00000000000000a8       0x20 ../camera_sys_bsp/\libhal_bsp.a(alt_printf.o)
 .debug_aranges
                0x00000000000000c8       0x20 ../camera_sys_bsp/\libhal_bsp.a(alt_putchar.o)
 .debug_aranges
                0x00000000000000e8       0x20 ../camera_sys_bsp/\libhal_bsp.a(alt_sys_init.o)
 .debug_aranges
                0x0000000000000108       0x20 ../camera_sys_bsp/\libhal_bsp.a(altera_avalon_jtag_uart_write.o)
 .debug_aranges
                0x0000000000000128       0x20 ../camera_sys_bsp/\libhal_bsp.a(alt_dcache_flush_all.o)
 .debug_aranges
                0x0000000000000148       0x20 ../camera_sys_bsp/\libhal_bsp.a(alt_icache_flush_all.o)
 .debug_aranges
                0x0000000000000168       0x20 ../camera_sys_bsp/\libhal_bsp.a(altera_nios2_gen2_irq.o)

.debug_pubnames
 *(.debug_pubnames)

.debug_info     0x0000000000000000      0xdf1
 *(.debug_info .gnu.linkonce.wi.*)
 .debug_info    0x0000000000000000       0xbf ../camera_sys_bsp//obj/HAL/src/crt0.o
 .debug_info    0x00000000000000bf      0x203 obj/default/camera_pix_xfer.o
 .debug_info    0x00000000000002c2       0xb4 c:/intelfpga_lite/18.1/nios2eds/bin/gnu/h-x86_64-mingw32/bin/../lib/gcc/nios2-elf/5.3.0/mno-hw-mul\libgcc.a(lib2-mul.o)
 .debug_info    0x0000000000000376      0x1c9 ../camera_sys_bsp/\libhal_bsp.a(alt_load.o)
 .debug_info    0x000000000000053f      0x169 ../camera_sys_bsp/\libhal_bsp.a(alt_main.o)
 .debug_info    0x00000000000006a8      0x14d ../camera_sys_bsp/\libhal_bsp.a(alt_printf.o)
 .debug_info    0x00000000000007f5      0x12a ../camera_sys_bsp/\libhal_bsp.a(alt_putchar.o)
 .debug_info    0x000000000000091f      0x185 ../camera_sys_bsp/\libhal_bsp.a(alt_sys_init.o)
 .debug_info    0x0000000000000aa4      0x197 ../camera_sys_bsp/\libhal_bsp.a(altera_avalon_jtag_uart_write.o)
 .debug_info    0x0000000000000c3b       0x92 ../camera_sys_bsp/\libhal_bsp.a(alt_dcache_flush_all.o)
 .debug_info    0x0000000000000ccd       0x92 ../camera_sys_bsp/\libhal_bsp.a(alt_icache_flush_all.o)
 .debug_info    0x0000000000000d5f       0x92 ../camera_sys_bsp/\libhal_bsp.a(altera_nios2_gen2_irq.o)

.debug_abbrev   0x0000000000000000      0x785
 *(.debug_abbrev)
 .debug_abbrev  0x0000000000000000       0x12 ../camera_sys_bsp//obj/HAL/src/crt0.o
 .debug_abbrev  0x0000000000000012       0xf5 obj/default/camera_pix_xfer.o
 .debug_abbrev  0x0000000000000107       0x6f c:/intelfpga_lite/18.1/nios2eds/bin/gnu/h-x86_64-mingw32/bin/../lib/gcc/nios2-elf/5.3.0/mno-hw-mul\libgcc.a(lib2-mul.o)
 .debug_abbrev  0x0000000000000176       0xd8 ../camera_sys_bsp/\libhal_bsp.a(alt_load.o)
 .debug_abbrev  0x000000000000024e       0xee ../camera_sys_bsp/\libhal_bsp.a(alt_main.o)
 .debug_abbrev  0x000000000000033c       0xd5 ../camera_sys_bsp/\libhal_bsp.a(alt_printf.o)
 .debug_abbrev  0x0000000000000411       0xd2 ../camera_sys_bsp/\libhal_bsp.a(alt_putchar.o)
 .debug_abbrev  0x00000000000004e3      0x107 ../camera_sys_bsp/\libhal_bsp.a(alt_sys_init.o)
 .debug_abbrev  0x00000000000005ea       0xd5 ../camera_sys_bsp/\libhal_bsp.a(altera_avalon_jtag_uart_write.o)
 .debug_abbrev  0x00000000000006bf       0x42 ../camera_sys_bsp/\libhal_bsp.a(alt_dcache_flush_all.o)
 .debug_abbrev  0x0000000000000701       0x42 ../camera_sys_bsp/\libhal_bsp.a(alt_icache_flush_all.o)
 .debug_abbrev  0x0000000000000743       0x42 ../camera_sys_bsp/\libhal_bsp.a(altera_nios2_gen2_irq.o)

.debug_line     0x0000000000000000      0x74d
 *(.debug_line)
 .debug_line    0x0000000000000000       0x66 ../camera_sys_bsp//obj/HAL/src/crt0.o
 .debug_line    0x0000000000000066       0xc2 obj/default/camera_pix_xfer.o
 .debug_line    0x0000000000000128       0x80 c:/intelfpga_lite/18.1/nios2eds/bin/gnu/h-x86_64-mingw32/bin/../lib/gcc/nios2-elf/5.3.0/mno-hw-mul\libgcc.a(lib2-mul.o)
 .debug_line    0x00000000000001a8       0xa4 ../camera_sys_bsp/\libhal_bsp.a(alt_load.o)
 .debug_line    0x000000000000024c       0xbd ../camera_sys_bsp/\libhal_bsp.a(alt_main.o)
 .debug_line    0x0000000000000309      0x112 ../camera_sys_bsp/\libhal_bsp.a(alt_printf.o)
 .debug_line    0x000000000000041b       0x55 ../camera_sys_bsp/\libhal_bsp.a(alt_putchar.o)
 .debug_line    0x0000000000000470      0x101 ../camera_sys_bsp/\libhal_bsp.a(alt_sys_init.o)
 .debug_line    0x0000000000000571       0xf0 ../camera_sys_bsp/\libhal_bsp.a(altera_avalon_jtag_uart_write.o)
 .debug_line    0x0000000000000661       0x4e ../camera_sys_bsp/\libhal_bsp.a(alt_dcache_flush_all.o)
 .debug_line    0x00000000000006af       0x4e ../camera_sys_bsp/\libhal_bsp.a(alt_icache_flush_all.o)
 .debug_line    0x00000000000006fd       0x50 ../camera_sys_bsp/\libhal_bsp.a(altera_nios2_gen2_irq.o)

.debug_frame    0x0000000000000000      0x200
 *(.debug_frame)
 .debug_frame   0x0000000000000000       0x44 obj/default/camera_pix_xfer.o
 .debug_frame   0x0000000000000044       0x20 c:/intelfpga_lite/18.1/nios2eds/bin/gnu/h-x86_64-mingw32/bin/../lib/gcc/nios2-elf/5.3.0/mno-hw-mul\libgcc.a(lib2-mul.o)
 .debug_frame   0x0000000000000064       0x30 ../camera_sys_bsp/\libhal_bsp.a(alt_load.o)
 .debug_frame   0x0000000000000094       0x2c ../camera_sys_bsp/\libhal_bsp.a(alt_main.o)
 .debug_frame   0x00000000000000c0       0x54 ../camera_sys_bsp/\libhal_bsp.a(alt_printf.o)
 .debug_frame   0x0000000000000114       0x30 ../camera_sys_bsp/\libhal_bsp.a(alt_putchar.o)
 .debug_frame   0x0000000000000144       0x3c ../camera_sys_bsp/\libhal_bsp.a(alt_sys_init.o)
 .debug_frame   0x0000000000000180       0x20 ../camera_sys_bsp/\libhal_bsp.a(altera_avalon_jtag_uart_write.o)
 .debug_frame   0x00000000000001a0       0x20 ../camera_sys_bsp/\libhal_bsp.a(alt_dcache_flush_all.o)
 .debug_frame   0x00000000000001c0       0x20 ../camera_sys_bsp/\libhal_bsp.a(alt_icache_flush_all.o)
 .debug_frame   0x00000000000001e0       0x20 ../camera_sys_bsp/\libhal_bsp.a(altera_nios2_gen2_irq.o)

.debug_str      0x0000000000000000      0x705
 *(.debug_str)
 .debug_str     0x0000000000000000      0x1b2 obj/default/camera_pix_xfer.o
                                        0x1f0 (size before relaxing)
 .debug_str     0x00000000000001b2      0x148 c:/intelfpga_lite/18.1/nios2eds/bin/gnu/h-x86_64-mingw32/bin/../lib/gcc/nios2-elf/5.3.0/mno-hw-mul\libgcc.a(lib2-mul.o)
                                        0x193 (size before relaxing)
 .debug_str     0x00000000000002fa      0x1a6 ../camera_sys_bsp/\libhal_bsp.a(alt_load.o)
                                        0x28d (size before relaxing)
 .debug_str     0x00000000000004a0       0x8f ../camera_sys_bsp/\libhal_bsp.a(alt_main.o)
                                        0x206 (size before relaxing)
 .debug_str     0x000000000000052f       0x59 ../camera_sys_bsp/\libhal_bsp.a(alt_printf.o)
                                        0x157 (size before relaxing)
 .debug_str     0x0000000000000588       0x60 ../camera_sys_bsp/\libhal_bsp.a(alt_putchar.o)
                                        0x1de (size before relaxing)
 .debug_str     0x00000000000005e8       0x86 ../camera_sys_bsp/\libhal_bsp.a(alt_sys_init.o)
                                        0x277 (size before relaxing)
 .debug_str     0x000000000000066e       0x39 ../camera_sys_bsp/\libhal_bsp.a(altera_avalon_jtag_uart_write.o)
                                        0x266 (size before relaxing)
 .debug_str     0x00000000000006a7       0x1f ../camera_sys_bsp/\libhal_bsp.a(alt_dcache_flush_all.o)
                                        0x1a6 (size before relaxing)
 .debug_str     0x00000000000006c6       0x1f ../camera_sys_bsp/\libhal_bsp.a(alt_icache_flush_all.o)
                                        0x1a6 (size before relaxing)
 .debug_str     0x00000000000006e5       0x20 ../camera_sys_bsp/\libhal_bsp.a(altera_nios2_gen2_irq.o)
                                        0x1ad (size before relaxing)

.debug_loc      0x0000000000000000      0x3a4
 *(.debug_loc)
 .debug_loc     0x0000000000000000       0x5b obj/default/camera_pix_xfer.o
 .debug_loc     0x000000000000005b       0x93 c:/intelfpga_lite/18.1/nios2eds/bin/gnu/h-x86_64-mingw32/bin/../lib/gcc/nios2-elf/5.3.0/mno-hw-mul\libgcc.a(lib2-mul.o)
 .debug_loc     0x00000000000000ee      0x1de ../camera_sys_bsp/\libhal_bsp.a(alt_printf.o)
 .debug_loc     0x00000000000002cc       0x2c ../camera_sys_bsp/\libhal_bsp.a(alt_putchar.o)
 .debug_loc     0x00000000000002f8       0x21 ../camera_sys_bsp/\libhal_bsp.a(alt_sys_init.o)
 .debug_loc     0x0000000000000319       0x8b ../camera_sys_bsp/\libhal_bsp.a(altera_avalon_jtag_uart_write.o)

.debug_macinfo
 *(.debug_macinfo)

.debug_weaknames
 *(.debug_weaknames)

.debug_funcnames
 *(.debug_funcnames)

.debug_typenames
 *(.debug_typenames)

.debug_varnames
 *(.debug_varnames)

.debug_alt_sim_info
                0x0000000000000000       0x10
 *(.debug_alt_sim_info)
 .debug_alt_sim_info
                0x0000000000000000       0x10 ../camera_sys_bsp//obj/HAL/src/crt0.o
                0x00000000000a7400                __alt_data_end = 0xa7400
                0x00000000000a7400                PROVIDE (__alt_stack_pointer, __alt_data_end)
                [!provide]                        PROVIDE (__alt_stack_limit, __alt_stack_base)
                [!provide]                        PROVIDE (__alt_heap_start, end)
                [!provide]                        PROVIDE (__alt_heap_limit, 0xa7400)
OUTPUT(camera_sys.elf elf32-littlenios2)

.debug_ranges   0x0000000000000000       0xd0
 .debug_ranges  0x0000000000000000       0x20 ../camera_sys_bsp//obj/HAL/src/crt0.o
 .debug_ranges  0x0000000000000020       0x50 obj/default/camera_pix_xfer.o
 .debug_ranges  0x0000000000000070       0x48 ../camera_sys_bsp/\libhal_bsp.a(alt_load.o)
 .debug_ranges  0x00000000000000b8       0x18 ../camera_sys_bsp/\libhal_bsp.a(alt_printf.o)
